start Tue Sep 29 08:41:09 PM JST 2026
ndes: 858 s, des 4 parts 6+795 s
cb5: 1077 s, ScanGroundFilterComponent::extractObjectPoints 2 parts 0+1 s, ScanGroundFilterComponent::faster_filter 7 parts 43+938 s
edn: 111 s, fir 2 parts 6+7 s, main 3 parts 6+52 s
cb2: 41 s, Twist2Accel::callback_odometry 3 parts 6+2 s
cb3: 12 s, 
fir: 21 s, fir_filter_int 2 parts 0+0 s
matmult: 28 s, Multiply 2 parts 4+3 s
cnt: 28 s, Sum 2 parts 5+3 s
select: 28 s, select 2 parts 5+2 s
qsort-exam: 21 s, sort 2 parts 0+0 s
prime: 15 s, 
cb1: 3976 s, EKFLocalizer::update_diagnostics 4 parts 13+502 s, EKFLocalizer::update_predict_frequency.if1.then 2 parts 4+63 s, EKFLocalizer::update_predict_frequency 2 parts 4+62 s, EKFLocalizer::timer_callback.if3.then.L1 2 parts 4+7 s, EKFLocalizer::timer_callback.if3.then 2 parts 5+39 s, EKFLocalizer::timer_callback.if4.then.L1 2 parts 5+6 s, EKFLocalizer::timer_callback.if4.then 2 parts 4+7 s, EKFLocalizer::timer_callback 12 parts 170+2773 s
cb6: 1963 s, LaneDepartureCheckerNode::onTimer.L1 2 parts 5+8 s, LaneDepartureCheckerNode::checkLaneDeparture 4 parts 0+3 s, LaneDepartureCheckerNode::createMarkerArray.if2.then 3 parts 15+222 s, LaneDepartureCheckerNode::createMarkerArray 6 parts 18+467 s, LaneDepartureCheckerNode::isDataReady 8 parts 0+11 s, LaneDepartureCheckerNode::isDataTimeout 2 parts 0+1 s, LaneDepartureCheckerNode::onTimer 11 parts 58+833 s
st: 7112 s, Calc_LinCorrCoef 2 parts 5+8 s, main 5 parts 40+6977 s
cb7: 1772 s, NDTScanMatcher::publish_marker.L1 2 parts 4+6 s, NDTScanMatcher::publish_marker 3 parts 13+126 s, NDTScanMatcher::publish_pose 2 parts 5+7 s, NDTScanMatcher::transform_sensor_measurement 2 parts 5+19 s, NDTScanMatcher::callback_sensor_points_main 11 parts 92+1275 s, NDTScanMatcher::callback_sensor_points 3 parts 3+6 s
ludcmp: 3480 s, ludcmp 5 parts 21+3408 s
lms: 1532 s, main 3 parts 9+1493 s
cb4: 12358 s, Controller::check_cyclic_message_timeout 3 parts 3+204 s, Controller::createInputData 3 parts 5+173 s, Controller::isTimeOut 3 parts 0+2 s, MpcLateralController::isReady 5 parts 4+5 s, MPC::applyVelocityDynamicsFilter 2 parts 0+1 s, MPC::calcDesiredSteeringRate 2 parts 0+1 s, MPC::calcSteerRateLimitOnTrajectory.L1 2 parts 5+7 s, MPC::calcSteerRateLimitOnTrajectory 3 parts 5+163 s, MPC::executeOptimization 5 parts 5+135 s, MPC::generateMPCMatrix.L1 2 parts 5+9 s, MPC::generateMPCMatrix 3 parts 14+123 s, MPC::getData 3 parts 0+2 s, MPC::resampleMPCTrajectoryByTime 4 parts 8+17 s, MPC::updateStateForDelayCompensation.L1 2 parts 5+6 s, MPC::updateStateForDelayCompensation 2 parts 4+10 s, MPC::calculateMPC 17 parts 282+6100 s, MpcLateralController::createCtrlCmdHorizonMsg 2 parts 5+5 s, MpcLateralController::isTrajectoryShapeChanged 2 parts 4+8 s, MpcLateralController::isSteerConverged 3 parts 8+7 s, MpcLateralController::run 10 parts 97+1261 s, PidLongitudinalController::checkControlState 2 parts 0+1 s, Controller::callbackTimerControl 15 parts 170+2677 s
all done Wed Sep 30 12:07:11 AM JST 2026
