50/960
100/960
150/960
200/960
250/960
300/960
350/960
400/960
450/960
500/960
550/960
600/960
650/960
700/960
750/960
800/960
850/960
900/960
950/960
Median tightness (estimate / true quantile) over 20 replications of n = 1e4; in brackets the number of replications below 1 (unsafe).


lognormal(s=1)

| config | p=0.001 | p=0.0001 | p=1e-05 | p=1e-06 |
|---|---|---|---|---|
| base (|D|=13, k<=150) | 1.555 [0] | 1.350 [2] | 0.984 [10] | 0.777 [15] |
| |D|=7 | 1.649 [0] | 1.450 [2] | 0.990 [10] | 0.815 [14] |
| |D|=20 | 1.514 [0] | 1.046 [10] | 0.891 [14] | 0.762 [15] |
| |D|=40 | 1.514 [0] | 1.042 [10] | 0.664 [17] | 0.757 [16] |
| d range x10 | 1.515 [0] | 1.337 [5] | 0.968 [11] | 0.685 [16] |
| k<=50 | 1.555 [0] | 1.350 [2] | 0.984 [10] | 0.777 [15] |
| k<=300 | 1.555 [0] | 1.350 [2] | 0.984 [10] | 0.777 [15] |
| no calibration split | 1.583 [0] | 1.371 [0] | 0.974 [11] | 0.764 [14] |

lognormal(s=1.5)

| config | p=0.001 | p=0.0001 | p=1e-05 | p=1e-06 |
|---|---|---|---|---|
| base (|D|=13, k<=150) | 1.908 [0] | 1.607 [2] | 0.904 [11] | 0.798 [13] |
| |D|=7 | 1.960 [0] | 2.208 [2] | 1.741 [6] | 0.923 [11] |
| |D|=20 | 1.539 [0] | 1.506 [5] | 0.892 [11] | 0.795 [13] |
| |D|=40 | 1.489 [0] | 1.118 [7] | 0.504 [17] | 0.665 [13] |
| d range x10 | 1.741 [0] | 1.506 [4] | 1.495 [7] | 0.734 [13] |
| k<=50 | 1.877 [0] | 1.608 [2] | 0.904 [11] | 0.798 [13] |
| k<=300 | 1.808 [0] | 1.606 [2] | 0.904 [11] | 0.798 [13] |
| no calibration split | 1.879 [0] | 1.213 [2] | 0.812 [13] | 0.543 [15] |

pareto(a=2)

| config | p=0.001 | p=0.0001 | p=1e-05 | p=1e-06 |
|---|---|---|---|---|
| base (|D|=13, k<=150) | 1.561 [0] | 1.535 [4] | 0.688 [13] | 0.396 [16] |
| |D|=7 | 1.724 [0] | 1.840 [2] | 0.840 [11] | 0.447 [15] |
| |D|=20 | 1.639 [0] | 1.283 [6] | 0.410 [14] | 0.437 [16] |
| |D|=40 | 1.419 [0] | 1.243 [9] | 0.402 [18] | 0.383 [16] |
| d range x10 | 1.718 [0] | 1.384 [6] | 0.928 [11] | 0.328 [15] |
| k<=50 | 1.704 [0] | 1.536 [4] | 0.702 [13] | 0.396 [16] |
| k<=300 | 1.501 [0] | 1.534 [4] | 0.685 [13] | 0.396 [16] |
| no calibration split | 1.719 [0] | 1.603 [0] | 0.627 [13] | 0.385 [18] |

pareto(a=3)

| config | p=0.001 | p=0.0001 | p=1e-05 | p=1e-06 |
|---|---|---|---|---|
| base (|D|=13, k<=150) | 1.769 [0] | 1.137 [7] | 0.625 [14] | 0.607 [16] |
| |D|=7 | 1.742 [0] | 1.137 [6] | 0.650 [13] | 0.607 [15] |
| |D|=20 | 1.554 [0] | 1.164 [6] | 0.618 [16] | 0.561 [16] |
| |D|=40 | 1.552 [0] | 1.137 [7] | 0.569 [17] | 0.606 [17] |
| d range x10 | 1.881 [0] | 1.137 [7] | 0.812 [13] | 0.469 [17] |
| k<=50 | 1.622 [0] | 1.142 [7] | 0.637 [14] | 0.607 [16] |
| k<=300 | 1.701 [0] | 1.137 [7] | 0.625 [14] | 0.607 [16] |
| no calibration split | 1.658 [0] | 1.421 [5] | 0.800 [13] | 0.551 [17] |

weibull(k=0.5)

| config | p=0.001 | p=0.0001 | p=1e-05 | p=1e-06 |
|---|---|---|---|---|
| base (|D|=13, k<=150) | 1.460 [0] | 1.301 [5] | 1.021 [10] | 0.901 [13] |
| |D|=7 | 1.507 [0] | 1.553 [2] | 1.227 [4] | 0.966 [11] |
| |D|=20 | 1.449 [0] | 1.076 [6] | 0.806 [14] | 0.904 [13] |
| |D|=40 | 1.449 [0] | 1.024 [8] | 0.670 [20] | 0.878 [13] |
| d range x10 | 1.452 [0] | 1.436 [2] | 0.994 [11] | 0.809 [17] |
| k<=50 | 1.460 [0] | 1.301 [5] | 1.022 [10] | 0.901 [13] |
| k<=300 | 1.449 [0] | 1.301 [5] | 1.021 [10] | 0.901 [13] |
| no calibration split | 1.453 [0] | 1.031 [8] | 0.674 [12] | 0.910 [13] |

normal+rare mode

| config | p=0.001 | p=0.0001 | p=1e-05 | p=1e-06 |
|---|---|---|---|---|
| base (|D|=13, k<=150) | 1.153 [0] | 1.004 [9] | 0.984 [15] | 1.052 [2] |
| |D|=7 | 1.155 [0] | 1.010 [6] | 0.987 [14] | 1.053 [2] |
| |D|=20 | 1.152 [0] | 1.004 [9] | 0.983 [16] | 1.050 [2] |
| |D|=40 | 1.153 [0] | 1.004 [9] | 0.982 [17] | 1.051 [2] |
| d range x10 | 1.153 [0] | 1.008 [8] | 0.987 [15] | 0.982 [14] |
| k<=50 | 1.153 [0] | 1.015 [3] | 1.024 [2] | 1.052 [0] |
| k<=300 | 1.153 [0] | 1.004 [9] | 0.975 [17] | 1.052 [2] |
| no calibration split | 1.155 [0] | 1.004 [8] | 0.986 [17] | 1.037 [4] |

