matmult all: n_main 8999982 floor 1.17e-06 [370.8 s]
matmult window0: n_main 9000 floor 0.00117 [1.6 s]
  p= 1.00e-01 emp      17584  plugin/emp   1.103  cert/emp   1.108  w0 cert/emp   1.328
  p= 5.62e-02 emp      17588  plugin/emp   1.131  cert/emp   1.136  w0 cert/emp   1.408
  p= 3.16e-02 emp      17592  plugin/emp   1.162  cert/emp   1.168  w0 cert/emp   1.499
  p= 1.78e-02 emp      17596  plugin/emp   1.197  cert/emp   1.204  w0 cert/emp   1.604
  p= 1.00e-02 emp      17600  plugin/emp   1.237  cert/emp   1.245  w0 cert/emp   1.733
  p= 5.62e-03 emp      17608  plugin/emp   1.284  cert/emp   1.292  w0 cert/emp   1.899
  p= 3.16e-03 emp      17680  plugin/emp   1.334  cert/emp   1.345  w0 cert/emp   2.131
  p= 1.78e-03 emp      21420  plugin/emp   1.159  cert/emp   1.171  w0 cert/emp   2.132
  p= 1.00e-03 emp      21768  plugin/emp   1.205  cert/emp   1.233  w0 cert/emp     inf
  p= 5.62e-04 emp      22024  plugin/emp   1.233  cert/emp   1.342  w0 cert/emp     inf
  p= 3.16e-04 emp      22682  plugin/emp   1.242  cert/emp   1.404  w0 cert/emp     inf
  p= 1.78e-04 emp      23916  plugin/emp   1.222  cert/emp   1.400  w0 cert/emp     inf
  p= 1.00e-04 emp      24626  plugin/emp   1.233  cert/emp   1.434  w0 cert/emp     inf
  p= 5.62e-05 emp      25162  plugin/emp   1.256  cert/emp   1.487  w0 cert/emp     inf
  p= 3.16e-05 emp      25762  plugin/emp   1.278  cert/emp   1.549  w0 cert/emp     inf
  p= 1.78e-05 emp      26564  plugin/emp   1.295  cert/emp   1.614  w0 cert/emp     inf
  p= 1.00e-05 emp      27278  plugin/emp   1.319  cert/emp   1.710  w0 cert/emp     inf
  p= 5.62e-06 emp      28138  plugin/emp   1.344  cert/emp   1.839  w0 cert/emp     inf
  p= 3.16e-06 emp      29362  plugin/emp   1.366  cert/emp   2.029  w0 cert/emp     inf
  p= 1.78e-06 emp      38260  plugin/emp   1.093  cert/emp   1.945  w0 cert/emp     inf
  p= 1.00e-06 emp      39942  plugin/emp   1.097  cert/emp     inf  w0 cert/emp     inf
  p= 5.62e-07 emp      42832  plugin/emp   1.059  cert/emp     inf  w0 cert/emp     inf
  p= 3.16e-07 emp      43360  plugin/emp   1.107  cert/emp     inf  w0 cert/emp     inf
  p= 1.78e-07 emp      43824  plugin/emp   1.182  cert/emp     inf  w0 cert/emp     inf
  p= 1.00e-07 emp      44576  plugin/emp   1.389  cert/emp     inf  w0 cert/emp     inf
