fir all: n_main 8999928 floor 1.25e-06 [1015.2 s]
fir window0: n_main 9000 floor 0.00125 [3.4 s]
  p= 1.00e-01 emp      69612  plugin/emp   1.062  cert/emp   1.124  w0 cert/emp   1.278
  p= 5.62e-02 emp      69644  plugin/emp   1.076  cert/emp   1.153  w0 cert/emp   1.346
  p= 3.16e-02 emp      69682  plugin/emp   1.090  cert/emp   1.183  w0 cert/emp   1.423
  p= 1.78e-02 emp      69722  plugin/emp   1.104  cert/emp   1.214  w0 cert/emp   1.513
  p= 1.00e-02 emp      69812  plugin/emp   1.118  cert/emp   1.246  w0 cert/emp   1.622
  p= 5.62e-03 emp      73810  plugin/emp   1.072  cert/emp   1.212  w0 cert/emp   1.670
  p= 3.16e-03 emp      74210  plugin/emp   1.080  cert/emp   1.240  w0 cert/emp   1.859
  p= 1.78e-03 emp      74844  plugin/emp   1.086  cert/emp   1.266  w0 cert/emp   2.231
  p= 1.00e-03 emp      75436  plugin/emp   1.092  cert/emp   1.296  w0 cert/emp     inf
  p= 5.62e-04 emp      75912  plugin/emp   1.100  cert/emp   1.330  w0 cert/emp     inf
  p= 3.16e-04 emp      76654  plugin/emp   1.104  cert/emp   1.363  w0 cert/emp     inf
  p= 1.78e-04 emp      77482  plugin/emp   1.107  cert/emp   1.399  w0 cert/emp     inf
  p= 1.00e-04 emp      78198  plugin/emp   1.112  cert/emp   1.441  w0 cert/emp     inf
  p= 5.62e-05 emp      78870  plugin/emp   1.118  cert/emp   1.491  w0 cert/emp     inf
  p= 3.16e-05 emp      79552  plugin/emp   1.124  cert/emp   1.550  w0 cert/emp     inf
  p= 1.78e-05 emp      80656  plugin/emp   1.124  cert/emp   1.613  w0 cert/emp     inf
  p= 1.00e-05 emp      87950  plugin/emp   1.045  cert/emp   1.575  w0 cert/emp     inf
  p= 5.62e-06 emp      89926  plugin/emp   1.034  cert/emp   1.664  w0 cert/emp     inf
  p= 3.16e-06 emp      91856  plugin/emp   1.022  cert/emp   1.808  w0 cert/emp     inf
  p= 1.78e-06 emp      93144  plugin/emp   1.014  cert/emp   2.137  w0 cert/emp     inf
  p= 1.00e-06 emp      94028  plugin/emp   1.009  cert/emp     inf  w0 cert/emp     inf
  p= 5.62e-07 emp      94500  plugin/emp   1.008  cert/emp     inf  w0 cert/emp     inf
  p= 3.16e-07 emp      94830  plugin/emp   1.009  cert/emp     inf  w0 cert/emp     inf
  p= 1.78e-07 emp      94984  plugin/emp   1.011  cert/emp     inf  w0 cert/emp     inf
  p= 1.00e-07 emp      95920  plugin/emp   1.005  cert/emp     inf  w0 cert/emp     inf
