lms all: n_main 8999838 floor 1.17e-06 [368.5 s]
lms window0: n_main 9000 floor 0.00117 [1.9 s]
  p= 1.00e-01 emp     158438  plugin/emp   1.030  cert/emp   1.102  w0 cert/emp   1.258
  p= 5.62e-02 emp     158888  plugin/emp   1.036  cert/emp   1.125  w0 cert/emp   1.320
  p= 3.16e-02 emp     159406  plugin/emp   1.041  cert/emp   1.149  w0 cert/emp   1.389
  p= 1.78e-02 emp     160210  plugin/emp   1.043  cert/emp   1.171  w0 cert/emp   1.468
  p= 1.00e-02 emp     161244  plugin/emp   1.044  cert/emp   1.192  w0 cert/emp   1.561
  p= 5.62e-03 emp     162008  plugin/emp   1.047  cert/emp   1.217  w0 cert/emp   1.686
  p= 3.16e-03 emp     162650  plugin/emp   1.051  cert/emp   1.244  w0 cert/emp   1.869
  p= 1.78e-03 emp     163246  plugin/emp   1.055  cert/emp   1.274  w0 cert/emp   2.215
  p= 1.00e-03 emp     163872  plugin/emp   1.058  cert/emp   1.306  w0 cert/emp     inf
  p= 5.62e-04 emp     164572  plugin/emp   1.061  cert/emp   1.339  w0 cert/emp     inf
  p= 3.16e-04 emp     165276  plugin/emp   1.064  cert/emp   1.376  w0 cert/emp     inf
  p= 1.78e-04 emp     166016  plugin/emp   1.066  cert/emp   1.417  w0 cert/emp     inf
  p= 1.00e-04 emp     166852  plugin/emp   1.068  cert/emp   1.462  w0 cert/emp     inf
  p= 5.62e-05 emp     167920  plugin/emp   1.068  cert/emp   1.511  w0 cert/emp     inf
  p= 3.16e-05 emp     170786  plugin/emp   1.057  cert/emp   1.552  w0 cert/emp     inf
  p= 1.78e-05 emp     176536  plugin/emp   1.029  cert/emp   1.578  w0 cert/emp     inf
  p= 1.00e-05 emp     178498  plugin/emp   1.023  cert/emp   1.654  w0 cert/emp     inf
  p= 5.62e-06 emp     180276  plugin/emp   1.019  cert/emp   1.758  w0 cert/emp     inf
  p= 3.16e-06 emp     182306  plugin/emp   1.015  cert/emp   1.912  w0 cert/emp     inf
  p= 1.78e-06 emp     183126  plugin/emp   1.019  cert/emp   2.230  w0 cert/emp     inf
  p= 1.00e-06 emp     184046  plugin/emp   1.021  cert/emp     inf  w0 cert/emp     inf
  p= 5.62e-07 emp     184718  plugin/emp   1.027  cert/emp     inf  w0 cert/emp     inf
  p= 3.16e-07 emp     185328  plugin/emp   1.033  cert/emp     inf  w0 cert/emp     inf
  p= 1.78e-07 emp     186938  plugin/emp   1.034  cert/emp     inf  w0 cert/emp     inf
  p= 1.00e-07 emp     187422  plugin/emp   1.043  cert/emp     inf  w0 cert/emp     inf
