prime all: n_main 8999990 floor 1.17e-06 [742.2 s]
prime window0: n_main 9000 floor 0.00117 [2.7 s]
  p= 1.00e-01 emp       1136  plugin/emp   4.433  cert/emp   4.475  w0 cert/emp   7.757
  p= 5.62e-02 emp      47238  plugin/emp   1.702  cert/emp   1.732  w0 cert/emp   3.198
  p= 3.16e-02 emp     155008  plugin/emp   1.380  cert/emp   1.386  w0 cert/emp   1.551
  p= 1.78e-02 emp     206508  plugin/emp   1.158  cert/emp   1.163  w0 cert/emp   1.309
  p= 1.00e-02 emp     232046  plugin/emp   1.079  cert/emp   1.087  w0 cert/emp   1.275
  p= 5.62e-03 emp     245638  plugin/emp   1.043  cert/emp   1.060  w0 cert/emp   1.319
  p= 3.16e-03 emp     253114  plugin/emp   1.024  cert/emp   1.062  w0 cert/emp   1.428
  p= 1.78e-03 emp     257214  plugin/emp   1.017  cert/emp   1.082  w0 cert/emp   1.828
  p= 1.00e-03 emp     259526  plugin/emp   1.017  cert/emp   1.115  w0 cert/emp     inf
  p= 5.62e-04 emp     260784  plugin/emp   1.021  cert/emp   1.162  w0 cert/emp     inf
  p= 3.16e-04 emp     261492  plugin/emp   1.027  cert/emp   1.226  w0 cert/emp     inf
  p= 1.78e-04 emp     261884  plugin/emp   1.034  cert/emp   1.317  w0 cert/emp     inf
  p= 1.00e-04 emp     262108  plugin/emp   1.040  cert/emp   1.470  w0 cert/emp     inf
  p= 5.62e-05 emp     262594  plugin/emp   1.048  cert/emp   1.660  w0 cert/emp     inf
  p= 3.16e-05 emp     264832  plugin/emp   1.048  cert/emp   1.760  w0 cert/emp     inf
  p= 1.78e-05 emp     266104  plugin/emp   1.046  cert/emp   1.885  w0 cert/emp     inf
  p= 1.00e-05 emp     266896  plugin/emp   1.044  cert/emp   2.043  w0 cert/emp     inf
  p= 5.62e-06 emp     267644  plugin/emp   1.043  cert/emp   2.250  w0 cert/emp     inf
  p= 3.16e-06 emp     268740  plugin/emp   1.040  cert/emp   2.548  w0 cert/emp     inf
  p= 1.78e-06 emp     269466  plugin/emp   1.039  cert/emp   3.117  w0 cert/emp     inf
  p= 1.00e-06 emp     270740  plugin/emp   1.035  cert/emp     inf  w0 cert/emp     inf
  p= 5.62e-07 emp     271092  plugin/emp   1.035  cert/emp     inf  w0 cert/emp     inf
  p= 3.16e-07 emp     272144  plugin/emp   1.033  cert/emp     inf  w0 cert/emp     inf
  p= 1.78e-07 emp     274398  plugin/emp   1.027  cert/emp     inf  w0 cert/emp     inf
  p= 1.00e-07 emp     281138  plugin/emp   1.005  cert/emp     inf  w0 cert/emp     inf
