bsort100 w1 E2E-CHB       [    3.9s] tightness 0.0001:1.025 1e-05:1.008 1e-06:0.854
bsort100 w1 E2E-MEMIK     [    0.6s] tightness 0.0001:1.047 1e-05:1.009 1e-06:0.863
bsort100 w1 E2E-CANTELLI  [    0.1s] tightness 0.0001:4.443 1e-05:11.499 1e-06:28.900
bsort100 w1 E2E-EVT-PoT   [    4.7s] tightness 0.0001:1.008 1e-05:0.956 1e-06:0.796
bsort100 w1 E2E-EVT-BM    [    0.0s] tightness 0.0001:1.013 1e-05:1.033 1e-06:0.953
bsort100 w2 E2E-CHB       [    3.9s] tightness 0.0001:1.027 1e-05:1.003 1e-06:0.852
bsort100 w2 E2E-MEMIK     [    0.6s] tightness 0.0001:1.035 1e-05:1.006 1e-06:0.860
bsort100 w2 E2E-CANTELLI  [    0.1s] tightness 0.0001:4.401 1e-05:11.373 1e-06:28.570
bsort100 w2 E2E-EVT-PoT   [    4.2s] tightness 0.0001:0.989 1e-05:0.959 1e-06:0.798
bsort100 w2 E2E-EVT-BM    [    0.0s] tightness 0.0001:1.008 1e-05:1.039 1e-06:0.982
bsort100 w3 E2E-CHB       [    3.9s] tightness 0.0001:1.040 1e-05:1.018 1e-06:0.868
bsort100 w3 E2E-MEMIK     [    0.7s] tightness 0.0001:1.041 1e-05:1.018 1e-06:0.869
bsort100 w3 E2E-CANTELLI  [    0.1s] tightness 0.0001:4.417 1e-05:11.422 1e-06:28.697
bsort100 w3 E2E-EVT-PoT   [    5.0s] tightness 0.0001:0.971 1e-05:0.971 1e-06:0.808
bsort100 w3 E2E-EVT-BM    [    0.0s] tightness 0.0001:nan 1e-05:nan 1e-06:nan
bsort100 w4 E2E-CHB       [    3.8s] tightness 0.0001:1.023 1e-05:0.999 1e-06:0.845
bsort100 w4 E2E-MEMIK     [    0.6s] tightness 0.0001:1.040 1e-05:1.000 1e-06:0.859
bsort100 w4 E2E-CANTELLI  [    0.1s] tightness 0.0001:4.491 1e-05:11.636 1e-06:29.258
bsort100 w4 E2E-EVT-PoT   [    4.2s] tightness 0.0001:1.004 1e-05:0.954 1e-06:0.794
bsort100 w4 E2E-EVT-BM    [    0.0s] tightness 0.0001:0.988 1e-05:0.967 1e-06:0.842
bsort100 w5 E2E-CHB       [    3.7s] tightness 0.0001:1.011 1e-05:0.959 1e-06:0.836
bsort100 w5 E2E-MEMIK     [    0.6s] tightness 0.0001:1.036 1e-05:0.991 1e-06:0.855
bsort100 w5 E2E-CANTELLI  [    0.1s] tightness 0.0001:4.453 1e-05:11.524 1e-06:28.964
bsort100 w5 E2E-EVT-PoT   [    3.1s] tightness 0.0001:1.001 1e-05:0.942 1e-06:0.784
bsort100 w5 E2E-EVT-BM    [    0.0s] tightness 0.0001:nan 1e-05:nan 1e-06:nan
bsort100 w6 E2E-CHB       [    3.8s] tightness 0.0001:0.988 1e-05:0.937 1e-06:0.807
bsort100 w6 E2E-MEMIK     [    0.6s] tightness 0.0001:1.007 1e-05:0.972 1e-06:0.840
bsort100 w6 E2E-CANTELLI  [    0.1s] tightness 0.0001:4.403 1e-05:11.379 1e-06:28.585
bsort100 w6 E2E-EVT-PoT   [    3.1s] tightness 0.0001:0.974 1e-05:0.920 1e-06:0.765
bsort100 w6 E2E-EVT-BM    [    0.0s] tightness 0.0001:0.974 1e-05:0.951 1e-06:0.827
bsort100 w7 E2E-CHB       [    3.8s] tightness 0.0001:1.016 1e-05:0.993 1e-06:0.839
bsort100 w7 E2E-MEMIK     [    0.6s] tightness 0.0001:1.038 1e-05:0.994 1e-06:0.855
bsort100 w7 E2E-CANTELLI  [    0.1s] tightness 0.0001:4.453 1e-05:11.521 1e-06:28.955
bsort100 w7 E2E-EVT-PoT   [    3.6s] tightness 0.0001:1.004 1e-05:0.947 1e-06:0.788
bsort100 w7 E2E-EVT-BM    [    0.0s] tightness 0.0001:0.991 1e-05:0.975 1e-06:0.855
bsort100 w8 E2E-CHB       [    3.9s] tightness 0.0001:1.073 1e-05:1.018 1e-06:0.908
bsort100 w8 E2E-MEMIK     [    0.7s] tightness 0.0001:1.087 1e-05:1.061 1e-06:0.908
bsort100 w8 E2E-CANTELLI  [    0.1s] tightness 0.0001:4.455 1e-05:11.526 1e-06:28.967
bsort100 w8 E2E-EVT-PoT   [    3.4s] tightness 0.0001:1.036 1e-05:1.002 1e-06:0.834
bsort100 w8 E2E-EVT-BM    [    0.0s] tightness 0.0001:nan 1e-05:nan 1e-06:nan
bsort100 w9 E2E-CHB       [    3.9s] tightness 0.0001:1.025 1e-05:0.972 1e-06:0.851
bsort100 w9 E2E-MEMIK     [    0.6s] tightness 0.0001:1.037 1e-05:1.003 1e-06:0.861
bsort100 w9 E2E-CANTELLI  [    0.1s] tightness 0.0001:4.463 1e-05:11.552 1e-06:29.034
bsort100 w9 E2E-EVT-PoT   [    3.0s] tightness 0.0001:0.991 1e-05:0.956 1e-06:0.796
bsort100 w9 E2E-EVT-BM    [    0.0s] tightness 0.0001:1.017 1e-05:1.053 1e-06:1.000
wrote results/estimates_multiwindow/bsort100.json
fir w1 E2E-CHB       [    3.2s] tightness 0.0001:1.000 1e-05:0.903 1e-06:0.858
fir w1 E2E-MEMIK     [    0.6s] tightness 0.0001:1.040 1e-05:0.960 1e-06:0.932
fir w1 E2E-CANTELLI  [    0.1s] tightness 0.0001:1.527 1e-05:2.585 1e-06:6.049
fir w1 E2E-EVT-PoT   [    6.1s] tightness 0.0001:0.991 1e-05:0.903 1e-06:0.864
fir w1 E2E-EVT-BM    [    0.0s] tightness 0.0001:nan 1e-05:nan 1e-06:nan
fir w2 E2E-CHB       [    3.0s] tightness 0.0001:1.005 1e-05:0.907 1e-06:0.865
fir w2 E2E-MEMIK     [    0.7s] tightness 0.0001:1.040 1e-05:0.960 1e-06:0.932
fir w2 E2E-CANTELLI  [    0.1s] tightness 0.0001:1.507 1e-05:2.529 1e-06:5.882
fir w2 E2E-EVT-PoT   [    6.2s] tightness 0.0001:1.000 1e-05:0.892 1e-06:0.835
fir w2 E2E-EVT-BM    [    0.0s] tightness 0.0001:nan 1e-05:nan 1e-06:nan
fir w3 E2E-CHB       [    3.0s] tightness 0.0001:1.165 1e-05:1.052 1e-06:1.062
fir w3 E2E-MEMIK     [    0.6s] tightness 0.0001:1.164 1e-05:1.093 1e-06:1.060
fir w3 E2E-CANTELLI  [    0.1s] tightness 0.0001:1.655 1e-05:2.944 1e-06:7.109
fir w3 E2E-EVT-PoT   [    6.1s] tightness 0.0001:1.092 1e-05:1.015 1e-06:0.975
fir w3 E2E-EVT-BM    [    0.0s] tightness 0.0001:nan 1e-05:nan 1e-06:nan
fir w4 E2E-CHB       [    2.9s] tightness 0.0001:1.011 1e-05:0.913 1e-06:0.872
fir w4 E2E-MEMIK     [    0.6s] tightness 0.0001:1.042 1e-05:0.962 1e-06:0.934
fir w4 E2E-CANTELLI  [    0.1s] tightness 0.0001:1.551 1e-05:2.654 1e-06:6.252
fir w4 E2E-EVT-PoT   [    5.9s] tightness 0.0001:1.005 1e-05:0.897 1e-06:0.840
fir w4 E2E-EVT-BM    [    0.0s] tightness 0.0001:nan 1e-05:nan 1e-06:nan
fir w5 E2E-CHB       [    3.0s] tightness 0.0001:1.007 1e-05:0.910 1e-06:0.864
fir w5 E2E-MEMIK     [    0.6s] tightness 0.0001:1.042 1e-05:0.962 1e-06:0.933
fir w5 E2E-CANTELLI  [    0.1s] tightness 0.0001:1.548 1e-05:2.645 1e-06:6.226
fir w5 E2E-EVT-PoT   [    5.9s] tightness 0.0001:0.999 1e-05:0.890 1e-06:0.833
fir w5 E2E-EVT-BM    [    0.0s] tightness 0.0001:nan 1e-05:nan 1e-06:nan
fir w6 E2E-CHB       [    2.7s] tightness 0.0001:1.013 1e-05:0.914 1e-06:0.869
fir w6 E2E-MEMIK     [    0.6s] tightness 0.0001:1.043 1e-05:0.962 1e-06:0.934
fir w6 E2E-CANTELLI  [    0.1s] tightness 0.0001:1.558 1e-05:2.672 1e-06:6.306
fir w6 E2E-EVT-PoT   [    5.8s] tightness 0.0001:1.006 1e-05:0.898 1e-06:0.841
fir w6 E2E-EVT-BM    [    0.0s] tightness 0.0001:nan 1e-05:nan 1e-06:nan
fir w7 E2E-CHB       [    2.9s] tightness 0.0001:1.023 1e-05:0.924 1e-06:0.890
fir w7 E2E-MEMIK     [    0.6s] tightness 0.0001:1.046 1e-05:0.965 1e-06:0.937
fir w7 E2E-CANTELLI  [    0.1s] tightness 0.0001:1.535 1e-05:2.609 1e-06:6.119
fir w7 E2E-EVT-PoT   [    6.0s] tightness 0.0001:1.015 1e-05:0.908 1e-06:0.851
fir w7 E2E-EVT-BM    [    0.0s] tightness 0.0001:nan 1e-05:nan 1e-06:nan
fir w8 E2E-CHB       [    3.1s] tightness 0.0001:1.003 1e-05:0.905 1e-06:0.860
fir w8 E2E-MEMIK     [    0.6s] tightness 0.0001:1.041 1e-05:0.960 1e-06:0.932
fir w8 E2E-CANTELLI  [    0.1s] tightness 0.0001:1.521 1e-05:2.570 1e-06:6.003
fir w8 E2E-EVT-PoT   [    6.0s] tightness 0.0001:0.998 1e-05:0.889 1e-06:0.832
fir w8 E2E-EVT-BM    [    0.0s] tightness 0.0001:nan 1e-05:nan 1e-06:nan
fir w9 E2E-CHB       [    2.9s] tightness 0.0001:1.006 1e-05:0.908 1e-06:0.864
fir w9 E2E-MEMIK     [    0.6s] tightness 0.0001:1.041 1e-05:0.961 1e-06:0.933
fir w9 E2E-CANTELLI  [    0.1s] tightness 0.0001:1.540 1e-05:2.621 1e-06:6.156
fir w9 E2E-EVT-PoT   [    5.8s] tightness 0.0001:1.001 1e-05:0.893 1e-06:0.836
fir w9 E2E-EVT-BM    [    0.0s] tightness 0.0001:nan 1e-05:nan 1e-06:nan
wrote results/estimates_multiwindow/fir.json
matmult w1 E2E-CHB       [    3.2s] tightness 0.0001:1.034 1e-05:0.998 1e-06:0.657
matmult w1 E2E-MEMIK     [    0.6s] tightness 0.0001:1.075 1e-05:1.026 1e-06:0.731
matmult w1 E2E-CANTELLI  [    0.1s] tightness 0.0001:1.778 1e-05:3.681 1e-06:6.997
matmult w1 E2E-EVT-PoT   [    0.8s] tightness 0.0001:4.155 1e-05:264.752 1e-06:15338.461
matmult w1 E2E-EVT-BM    [    0.0s] tightness 0.0001:nan 1e-05:nan 1e-06:nan
matmult w2 E2E-CHB       [    3.1s] tightness 0.0001:0.992 1e-05:0.910 1e-06:0.631
matmult w2 E2E-MEMIK     [    0.6s] tightness 0.0001:1.036 1e-05:0.976 1e-06:0.691
matmult w2 E2E-CANTELLI  [    0.1s] tightness 0.0001:1.685 1e-05:3.415 1e-06:6.423
matmult w2 E2E-EVT-PoT   [    0.9s] tightness 0.0001:5.352 1e-05:463.003 1e-06:34872.419
matmult w2 E2E-EVT-BM    [    0.0s] tightness 0.0001:nan 1e-05:nan 1e-06:nan
matmult w3 E2E-CHB       [    3.1s] tightness 0.0001:1.022 1e-05:0.937 1e-06:0.723
matmult w3 E2E-MEMIK     [    0.6s] tightness 0.0001:1.067 1e-05:1.013 1e-06:0.721
matmult w3 E2E-CANTELLI  [    0.1s] tightness 0.0001:1.756 1e-05:3.620 1e-06:6.866
matmult w3 E2E-EVT-PoT   [    0.8s] tightness 0.0001:2.030 1e-05:61.282 1e-06:2114.646
matmult w3 E2E-EVT-BM    [    0.0s] tightness 0.0001:nan 1e-05:nan 1e-06:nan
matmult w4 E2E-CHB       [    3.4s] tightness 0.0001:1.045 1e-05:1.003 1e-06:0.712
matmult w4 E2E-MEMIK     [    0.6s] tightness 0.0001:1.054 1e-05:1.029 1e-06:0.735
matmult w4 E2E-CANTELLI  [    0.1s] tightness 0.0001:1.725 1e-05:3.531 1e-06:6.673
matmult w4 E2E-EVT-PoT   [    0.8s] tightness 0.0001:2.006 1e-05:62.110 1e-06:2212.555
matmult w4 E2E-EVT-BM    [    0.0s] tightness 0.0001:nan 1e-05:nan 1e-06:nan
matmult w5 E2E-CHB       [    2.9s] tightness 0.0001:1.023 1e-05:0.938 1e-06:0.651
matmult w5 E2E-MEMIK     [    0.6s] tightness 0.0001:1.028 1e-05:1.001 1e-06:0.714
matmult w5 E2E-CANTELLI  [    0.1s] tightness 0.0001:1.715 1e-05:3.503 1e-06:6.614
matmult w5 E2E-EVT-PoT   [    0.8s] tightness 0.0001:2.272 1e-05:82.648 1e-06:3267.366
matmult w5 E2E-EVT-BM    [    0.0s] tightness 0.0001:nan 1e-05:nan 1e-06:nan
matmult w6 E2E-CHB       [    3.1s] tightness 0.0001:1.010 1e-05:0.925 1e-06:0.642
matmult w6 E2E-MEMIK     [    0.6s] tightness 0.0001:1.046 1e-05:0.997 1e-06:0.709
matmult w6 E2E-CANTELLI  [    0.1s] tightness 0.0001:1.732 1e-05:3.551 1e-06:6.717
matmult w6 E2E-EVT-PoT   [    0.8s] tightness 0.0001:2.801 1e-05:128.491 1e-06:5925.273
matmult w6 E2E-EVT-BM    [    0.0s] tightness 0.0001:nan 1e-05:nan 1e-06:nan
matmult w7 E2E-CHB       [    3.1s] tightness 0.0001:1.116 1e-05:1.023 1e-06:0.802
matmult w7 E2E-MEMIK     [    0.6s] tightness 0.0001:1.121 1e-05:1.109 1e-06:0.800
matmult w7 E2E-CANTELLI  [    0.1s] tightness 0.0001:1.872 1e-05:3.950 1e-06:7.579
matmult w7 E2E-EVT-PoT   [    4.5s] tightness 0.0001:3.219 1e-05:58.196 1e-06:999.641
matmult w7 E2E-EVT-BM    [    0.0s] tightness 0.0001:nan 1e-05:nan 1e-06:nan
matmult w8 E2E-CHB       [    3.5s] tightness 0.0001:1.052 1e-05:0.965 1e-06:0.723
matmult w8 E2E-MEMIK     [    0.6s] tightness 0.0001:1.080 1e-05:1.044 1e-06:0.745
matmult w8 E2E-CANTELLI  [    0.1s] tightness 0.0001:1.712 1e-05:3.493 1e-06:6.591
matmult w8 E2E-EVT-PoT   [    0.8s] tightness 0.0001:2.025 1e-05:59.925 1e-06:2028.683
matmult w8 E2E-EVT-BM    [    0.0s] tightness 0.0001:nan 1e-05:nan 1e-06:nan
matmult w9 E2E-CHB       [    3.0s] tightness 0.0001:1.041 1e-05:0.954 1e-06:0.676
matmult w9 E2E-MEMIK     [    0.6s] tightness 0.0001:1.059 1e-05:1.025 1e-06:0.734
matmult w9 E2E-CANTELLI  [    0.1s] tightness 0.0001:1.763 1e-05:3.640 1e-06:6.909
matmult w9 E2E-EVT-PoT   [    0.8s] tightness 0.0001:1.842 1e-05:54.847 1e-06:1970.435
matmult w9 E2E-EVT-BM    [    0.0s] tightness 0.0001:nan 1e-05:nan 1e-06:nan
wrote results/estimates_multiwindow/matmult.json
edn w1 E2E-CHB       [    3.4s] tightness 0.0001:1.055 1e-05:1.031 1e-06:0.739
edn w1 E2E-MEMIK     [    0.6s] tightness 0.0001:1.071 1e-05:1.033 1e-06:0.753
edn w1 E2E-CANTELLI  [    0.1s] tightness 0.0001:1.841 1e-05:3.837 1e-06:7.480
edn w1 E2E-EVT-PoT   [    8.4s] tightness 0.0001:0.977 1e-05:0.939 1e-06:0.651
edn w1 E2E-EVT-BM    [    0.0s] tightness 0.0001:nan 1e-05:nan 1e-06:nan
edn w2 E2E-CHB       [    3.4s] tightness 0.0001:1.047 1e-05:1.033 1e-06:0.729
edn w2 E2E-MEMIK     [    0.6s] tightness 0.0001:1.106 1e-05:1.044 1e-06:0.756
edn w2 E2E-CANTELLI  [    0.1s] tightness 0.0001:1.858 1e-05:3.886 1e-06:7.587
edn w2 E2E-EVT-PoT   [    8.6s] tightness 0.0001:1.038 1e-05:0.929 1e-06:0.644
edn w2 E2E-EVT-BM    [    0.0s] tightness 0.0001:nan 1e-05:nan 1e-06:nan
edn w3 E2E-CHB       [    3.3s] tightness 0.0001:1.197 1e-05:1.083 1e-06:0.875
edn w3 E2E-MEMIK     [    0.6s] tightness 0.0001:1.197 1e-05:1.189 1e-06:0.889
edn w3 E2E-CANTELLI  [    0.1s] tightness 0.0001:1.915 1e-05:4.047 1e-06:7.940
edn w3 E2E-EVT-PoT   [    8.5s] tightness 0.0001:0.968 1e-05:1.066 1e-06:0.739
edn w3 E2E-EVT-BM    [    0.0s] tightness 0.0001:nan 1e-05:nan 1e-06:nan
edn w4 E2E-CHB       [    2.7s] tightness 0.0001:1.046 1e-05:0.946 1e-06:0.666
edn w4 E2E-MEMIK     [    0.6s] tightness 0.0001:1.107 1e-05:1.045 1e-06:0.756
edn w4 E2E-CANTELLI  [    0.1s] tightness 0.0001:1.938 1e-05:4.113 1e-06:8.083
edn w4 E2E-EVT-PoT   [    8.4s] tightness 0.0001:1.040 1e-05:0.928 1e-06:0.643
edn w4 E2E-EVT-BM    [    0.0s] tightness 0.0001:nan 1e-05:nan 1e-06:nan
edn w5 E2E-CHB       [    3.1s] tightness 0.0001:1.065 1e-05:0.964 1e-06:0.731
edn w5 E2E-MEMIK     [    0.6s] tightness 0.0001:1.077 1e-05:1.045 1e-06:0.763
edn w5 E2E-CANTELLI  [    0.1s] tightness 0.0001:1.854 1e-05:3.874 1e-06:7.560
edn w5 E2E-EVT-PoT   [    8.8s] tightness 0.0001:0.975 1e-05:0.948 1e-06:0.658
edn w5 E2E-EVT-BM    [    0.0s] tightness 0.0001:nan 1e-05:nan 1e-06:nan
edn w6 E2E-CHB       [    3.1s] tightness 0.0001:1.083 1e-05:0.979 1e-06:0.730
edn w6 E2E-MEMIK     [    0.6s] tightness 0.0001:1.090 1e-05:1.060 1e-06:0.778
edn w6 E2E-CANTELLI  [    0.1s] tightness 0.0001:1.891 1e-05:3.979 1e-06:7.790
edn w6 E2E-EVT-PoT   [    8.4s] tightness 0.0001:0.965 1e-05:0.964 1e-06:0.668
edn w6 E2E-EVT-BM    [    0.0s] tightness 0.0001:nan 1e-05:nan 1e-06:nan
edn w7 E2E-CHB       [    2.8s] tightness 0.0001:1.060 1e-05:0.959 1e-06:0.675
edn w7 E2E-MEMIK     [    0.6s] tightness 0.0001:1.099 1e-05:1.052 1e-06:0.762
edn w7 E2E-CANTELLI  [    0.1s] tightness 0.0001:1.914 1e-05:4.044 1e-06:7.932
edn w7 E2E-EVT-PoT   [    8.3s] tightness 0.0001:1.026 1e-05:0.944 1e-06:0.654
edn w7 E2E-EVT-BM    [    0.0s] tightness 0.0001:nan 1e-05:nan 1e-06:nan
edn w8 E2E-CHB       [    3.1s] tightness 0.0001:1.059 1e-05:0.958 1e-06:0.744
edn w8 E2E-MEMIK     [    0.6s] tightness 0.0001:1.090 1e-05:1.043 1e-06:0.759
edn w8 E2E-CANTELLI  [    0.1s] tightness 0.0001:1.922 1e-05:4.066 1e-06:7.981
edn w8 E2E-EVT-PoT   [    8.9s] tightness 0.0001:1.002 1e-05:0.943 1e-06:0.654
edn w8 E2E-EVT-BM    [    0.0s] tightness 0.0001:nan 1e-05:nan 1e-06:nan
edn w9 E2E-CHB       [    3.0s] tightness 0.0001:0.993 1e-05:0.899 1e-06:0.664
edn w9 E2E-MEMIK     [    0.6s] tightness 0.0001:1.049 1e-05:0.976 1e-06:0.704
edn w9 E2E-CANTELLI  [    0.1s] tightness 0.0001:1.779 1e-05:3.665 1e-06:7.101
edn w9 E2E-EVT-PoT   [    8.5s] tightness 0.0001:0.985 1e-05:0.882 1e-06:0.612
edn w9 E2E-EVT-BM    [    0.0s] tightness 0.0001:nan 1e-05:nan 1e-06:nan
wrote results/estimates_multiwindow/edn.json
ndes w1 E2E-CHB       [    3.2s] tightness 0.0001:1.271 1e-05:1.091 1e-06:0.873
ndes w1 E2E-MEMIK     [    0.6s] tightness 0.0001:1.271 1e-05:1.281 1e-06:0.868
ndes w1 E2E-CANTELLI  [    0.1s] tightness 0.0001:2.135 1e-05:4.657 1e-06:8.425
ndes w1 E2E-EVT-PoT   [    8.0s] tightness 0.0001:0.925 1e-05:1.073 1e-06:0.661
ndes w1 E2E-EVT-BM    [    0.0s] tightness 0.0001:nan 1e-05:nan 1e-06:nan
ndes w2 E2E-CHB       [    2.9s] tightness 0.0001:1.016 1e-05:0.871 1e-06:0.545
ndes w2 E2E-MEMIK     [    0.6s] tightness 0.0001:1.096 1e-05:1.000 1e-06:0.657
ndes w2 E2E-CANTELLI  [    0.1s] tightness 0.0001:1.923 1e-05:4.090 1e-06:7.322
ndes w2 E2E-EVT-PoT   [    8.4s] tightness 0.0001:1.007 1e-05:0.855 1e-06:0.527
ndes w2 E2E-EVT-BM    [    0.0s] tightness 0.0001:nan 1e-05:nan 1e-06:nan
ndes w3 E2E-CHB       [    3.0s] tightness 0.0001:1.301 1e-05:1.116 1e-06:0.698
ndes w3 E2E-MEMIK     [    0.6s] tightness 0.0001:1.308 1e-05:1.310 1e-06:0.905
ndes w3 E2E-CANTELLI  [    0.1s] tightness 0.0001:2.218 1e-05:4.879 1e-06:8.859
ndes w3 E2E-EVT-PoT   [    8.4s] tightness 0.0001:1.018 1e-05:1.099 1e-06:0.677
ndes w3 E2E-EVT-BM    [    0.0s] tightness 0.0001:nan 1e-05:nan 1e-06:nan
ndes w4 E2E-CHB       [    2.8s] tightness 0.0001:1.016 1e-05:0.872 1e-06:0.609
ndes w4 E2E-MEMIK     [    0.6s] tightness 0.0001:1.103 1e-05:1.005 1e-06:0.658
ndes w4 E2E-CANTELLI  [    0.1s] tightness 0.0001:2.010 1e-05:4.323 1e-06:7.775
ndes w4 E2E-EVT-PoT   [    7.9s] tightness 0.0001:0.985 1e-05:0.858 1e-06:0.528
ndes w4 E2E-EVT-BM    [    0.0s] tightness 0.0001:nan 1e-05:nan 1e-06:nan
ndes w5 E2E-CHB       [    3.0s] tightness 0.0001:1.194 1e-05:1.025 1e-06:0.641
ndes w5 E2E-MEMIK     [    0.6s] tightness 0.0001:1.245 1e-05:1.211 1e-06:0.813
ndes w5 E2E-CANTELLI  [    0.1s] tightness 0.0001:2.123 1e-05:4.625 1e-06:8.364
ndes w5 E2E-EVT-PoT   [    8.1s] tightness 0.0001:1.089 1e-05:1.008 1e-06:0.621
ndes w5 E2E-EVT-BM    [    0.0s] tightness 0.0001:nan 1e-05:nan 1e-06:nan
ndes w6 E2E-CHB       [    2.8s] tightness 0.0001:0.978 1e-05:0.839 1e-06:0.525
ndes w6 E2E-MEMIK     [    0.6s] tightness 0.0001:1.067 1e-05:0.973 1e-06:0.638
ndes w6 E2E-CANTELLI  [    0.1s] tightness 0.0001:1.855 1e-05:3.909 1e-06:6.970
ndes w6 E2E-EVT-PoT   [    8.0s] tightness 0.0001:0.977 1e-05:0.830 1e-06:0.511
ndes w6 E2E-EVT-BM    [    0.0s] tightness 0.0001:nan 1e-05:nan 1e-06:nan
ndes w7 E2E-CHB       [    2.9s] tightness 0.0001:1.078 1e-05:0.925 1e-06:0.579
ndes w7 E2E-MEMIK     [    0.6s] tightness 0.0001:1.168 1e-05:1.085 1e-06:0.722
ndes w7 E2E-CANTELLI  [    0.1s] tightness 0.0001:2.175 1e-05:4.763 1e-06:8.633
ndes w7 E2E-EVT-PoT   [    8.0s] tightness 0.0001:1.053 1e-05:0.910 1e-06:0.561
ndes w7 E2E-EVT-BM    [    0.0s] tightness 0.0001:nan 1e-05:nan 1e-06:nan
ndes w8 E2E-CHB       [    3.0s] tightness 0.0001:1.045 1e-05:0.896 1e-06:0.618
ndes w8 E2E-MEMIK     [    0.6s] tightness 0.0001:1.077 1e-05:1.020 1e-06:0.671
ndes w8 E2E-CANTELLI  [    0.1s] tightness 0.0001:1.956 1e-05:4.179 1e-06:7.494
ndes w8 E2E-EVT-PoT   [    8.3s] tightness 0.0001:0.948 1e-05:0.882 1e-06:0.543
ndes w8 E2E-EVT-BM    [    0.0s] tightness 0.0001:nan 1e-05:nan 1e-06:nan
ndes w9 E2E-CHB       [    3.0s] tightness 0.0001:1.137 1e-05:0.975 1e-06:0.610
ndes w9 E2E-MEMIK     [    0.6s] tightness 0.0001:1.162 1e-05:1.117 1e-06:0.749
ndes w9 E2E-CANTELLI  [    0.1s] tightness 0.0001:2.066 1e-05:4.473 1e-06:8.068
ndes w9 E2E-EVT-PoT   [    8.0s] tightness 0.0001:0.993 1e-05:0.960 1e-06:0.591
ndes w9 E2E-EVT-BM    [    0.0s] tightness 0.0001:nan 1e-05:nan 1e-06:nan
wrote results/estimates_multiwindow/ndes.json
st w1 E2E-CHB       [    3.0s] tightness 0.0001:1.036 1e-05:0.969 1e-06:0.818
st w1 E2E-MEMIK     [    0.6s] tightness 0.0001:1.058 1e-05:1.001 1e-06:0.864
st w1 E2E-CANTELLI  [    0.1s] tightness 0.0001:1.679 1e-05:3.155 1e-06:6.850
st w1 E2E-EVT-PoT   [    4.1s] tightness 0.0001:1.023 1e-05:0.952 1e-06:0.793
st w1 E2E-EVT-BM    [    0.0s] tightness 0.0001:nan 1e-05:nan 1e-06:nan
st w2 E2E-CHB       [    3.1s] tightness 0.0001:1.053 1e-05:0.985 1e-06:0.856
st w2 E2E-MEMIK     [    0.6s] tightness 0.0001:1.060 1e-05:1.011 1e-06:0.870
st w2 E2E-CANTELLI  [    0.1s] tightness 0.0001:1.676 1e-05:3.147 1e-06:6.828
st w2 E2E-EVT-PoT   [    2.8s] tightness 0.0001:1.032 1e-05:0.969 1e-06:0.811
st w2 E2E-EVT-BM    [    0.0s] tightness 0.0001:nan 1e-05:nan 1e-06:nan
st w3 E2E-CHB       [    2.8s] tightness 0.0001:1.023 1e-05:0.957 1e-06:0.808
st w3 E2E-MEMIK     [    0.6s] tightness 0.0001:1.041 1e-05:0.993 1e-06:0.857
st w3 E2E-CANTELLI  [    0.1s] tightness 0.0001:1.657 1e-05:3.093 1e-06:6.687
st w3 E2E-EVT-PoT   [    2.6s] tightness 0.0001:1.013 1e-05:0.940 1e-06:0.782
st w3 E2E-EVT-BM    [    0.0s] tightness 0.0001:nan 1e-05:nan 1e-06:nan
st w4 E2E-CHB       [    3.0s] tightness 0.0001:1.020 1e-05:0.954 1e-06:0.805
st w4 E2E-MEMIK     [    0.6s] tightness 0.0001:1.035 1e-05:0.988 1e-06:0.853
st w4 E2E-CANTELLI  [    0.1s] tightness 0.0001:1.642 1e-05:3.050 1e-06:6.576
st w4 E2E-EVT-PoT   [    5.4s] tightness 0.0001:16757.148 1e-05:163831961.455 1e-06:1445364613087.018
st w4 E2E-EVT-BM    [    0.0s] tightness 0.0001:nan 1e-05:nan 1e-06:nan
st w5 E2E-CHB       [    3.2s] tightness 0.0001:1.027 1e-05:0.961 1e-06:0.811
st w5 E2E-MEMIK     [    0.6s] tightness 0.0001:1.046 1e-05:0.993 1e-06:0.857
st w5 E2E-CANTELLI  [    0.1s] tightness 0.0001:1.642 1e-05:3.050 1e-06:6.577
st w5 E2E-EVT-PoT   [    3.9s] tightness 0.0001:6846.893 1e-05:36269360.336 1e-06:173380168349.229
st w5 E2E-EVT-BM    [    0.0s] tightness 0.0001:nan 1e-05:nan 1e-06:nan
st w6 E2E-CHB       [    2.9s] tightness 0.0001:1.022 1e-05:0.956 1e-06:0.817
st w6 E2E-MEMIK     [    0.6s] tightness 0.0001:1.033 1e-05:0.986 1e-06:0.852
st w6 E2E-CANTELLI  [    0.1s] tightness 0.0001:1.608 1e-05:2.953 1e-06:6.320
st w6 E2E-EVT-PoT   [    2.5s] tightness 0.0001:5413.185 1e-05:22040105.142 1e-06:80984568504.200
st w6 E2E-EVT-BM    [    0.0s] tightness 0.0001:nan 1e-05:nan 1e-06:nan
st w7 E2E-CHB       [    3.1s] tightness 0.0001:1.018 1e-05:0.952 1e-06:0.804
st w7 E2E-MEMIK     [    0.6s] tightness 0.0001:1.035 1e-05:0.987 1e-06:0.853
st w7 E2E-CANTELLI  [    0.1s] tightness 0.0001:1.635 1e-05:3.031 1e-06:6.526
st w7 E2E-EVT-PoT   [    2.7s] tightness 0.0001:1.007 1e-05:0.936 1e-06:0.780
st w7 E2E-EVT-BM    [    0.0s] tightness 0.0001:nan 1e-05:nan 1e-06:nan
st w8 E2E-CHB       [    3.0s] tightness 0.0001:1.280 1e-05:1.197 1e-06:1.010
st w8 E2E-MEMIK     [    0.6s] tightness 0.0001:1.279 1e-05:1.271 1e-06:1.113
st w8 E2E-CANTELLI  [    0.1s] tightness 0.0001:1.862 1e-05:3.692 1e-06:8.262
st w8 E2E-EVT-PoT   [    5.2s] tightness 0.0001:1.106 1e-05:1.122 1e-06:1.015
st w8 E2E-EVT-BM    [    0.0s] tightness 0.0001:nan 1e-05:nan 1e-06:nan
st w9 E2E-CHB       [    2.8s] tightness 0.0001:1.037 1e-05:0.970 1e-06:0.819
st w9 E2E-MEMIK     [    0.6s] tightness 0.0001:1.052 1e-05:0.999 1e-06:0.862
st w9 E2E-CANTELLI  [    0.1s] tightness 0.0001:1.663 1e-05:3.110 1e-06:6.735
st w9 E2E-EVT-PoT   [    5.2s] tightness 0.0001:1.024 1e-05:0.954 1e-06:0.795
st w9 E2E-EVT-BM    [    0.0s] tightness 0.0001:nan 1e-05:nan 1e-06:nan
wrote results/estimates_multiwindow/st.json
lms w1 E2E-CHB       [    2.6s] tightness 0.0001:1.012 1e-05:0.960 1e-06:0.946
lms w1 E2E-MEMIK     [    0.6s] tightness 0.0001:1.105 1e-05:1.075 1e-06:1.084
lms w1 E2E-CANTELLI  [    0.1s] tightness 0.0001:1.700 1e-05:3.125 1e-06:7.739
lms w1 E2E-EVT-PoT   [    3.3s] tightness 0.0001:0.993 1e-05:0.936 1e-06:0.913
lms w1 E2E-EVT-BM    [    0.0s] tightness 0.0001:0.993 1e-05:0.937 1e-06:0.915
lms w2 E2E-CHB       [    2.9s] tightness 0.0001:1.025 1e-05:0.973 1e-06:0.958
lms w2 E2E-MEMIK     [    0.6s] tightness 0.0001:1.106 1e-05:1.076 1e-06:1.086
lms w2 E2E-CANTELLI  [    0.1s] tightness 0.0001:1.723 1e-05:3.192 1e-06:7.945
lms w2 E2E-EVT-PoT   [    5.8s] tightness 0.0001:1.012 1e-05:0.978 1e-06:0.991
lms w2 E2E-EVT-BM    [    0.0s] tightness 0.0001:nan 1e-05:nan 1e-06:nan
lms w3 E2E-CHB       [    3.1s] tightness 0.0001:1.088 1e-05:1.047 1e-06:1.036
lms w3 E2E-MEMIK     [    0.6s] tightness 0.0001:1.110 1e-05:1.079 1e-06:1.093
lms w3 E2E-CANTELLI  [    0.1s] tightness 0.0001:1.764 1e-05:3.316 1e-06:8.332
lms w3 E2E-EVT-PoT   [    4.7s] tightness 0.0001:1.010 1e-05:1.000 1e-06:1.081
lms w3 E2E-EVT-BM    [    0.0s] tightness 0.0001:nan 1e-05:nan 1e-06:nan
lms w4 E2E-CHB       [    2.8s] tightness 0.0001:1.016 1e-05:0.964 1e-06:0.949
lms w4 E2E-MEMIK     [    0.6s] tightness 0.0001:1.102 1e-05:1.072 1e-06:1.081
lms w4 E2E-CANTELLI  [    0.1s] tightness 0.0001:1.734 1e-05:3.230 1e-06:8.069
lms w4 E2E-EVT-PoT   [    5.3s] tightness 0.0001:0.999 1e-05:0.955 1e-06:0.951
lms w4 E2E-EVT-BM    [    0.0s] tightness 0.0001:nan 1e-05:nan 1e-06:nan
lms w5 E2E-CHB       [    2.8s] tightness 0.0001:1.121 1e-05:1.085 1e-06:1.048
lms w5 E2E-MEMIK     [    0.6s] tightness 0.0001:1.127 1e-05:1.096 1e-06:1.109
lms w5 E2E-CANTELLI  [    0.1s] tightness 0.0001:1.807 1e-05:3.443 1e-06:8.719
lms w5 E2E-EVT-PoT   [    3.8s] tightness 0.0001:1.024 1e-05:1.011 1e-06:1.068
lms w5 E2E-EVT-BM    [    0.0s] tightness 0.0001:nan 1e-05:nan 1e-06:nan
lms w6 E2E-CHB       [    2.8s] tightness 0.0001:1.017 1e-05:0.966 1e-06:0.951
lms w6 E2E-MEMIK     [    0.6s] tightness 0.0001:1.106 1e-05:1.076 1e-06:1.085
lms w6 E2E-CANTELLI  [    0.1s] tightness 0.0001:1.744 1e-05:3.254 1e-06:8.134
lms w6 E2E-EVT-PoT   [    2.9s] tightness 0.0001:1.002 1e-05:0.949 1e-06:0.932
lms w6 E2E-EVT-BM    [    0.0s] tightness 0.0001:nan 1e-05:nan 1e-06:nan
lms w7 E2E-CHB       [    3.1s] tightness 0.0001:1.013 1e-05:0.961 1e-06:0.947
lms w7 E2E-MEMIK     [    0.6s] tightness 0.0001:1.105 1e-05:1.075 1e-06:1.084
lms w7 E2E-CANTELLI  [    0.1s] tightness 0.0001:1.753 1e-05:3.281 1e-06:8.219
lms w7 E2E-EVT-PoT   [    7.6s] tightness 0.0001:0.994 1e-05:0.937 1e-06:0.914
lms w7 E2E-EVT-BM    [    0.0s] tightness 0.0001:nan 1e-05:nan 1e-06:nan
lms w8 E2E-CHB       [    2.8s] tightness 0.0001:1.081 1e-05:1.026 1e-06:1.026
lms w8 E2E-MEMIK     [    0.5s] tightness 0.0001:1.107 1e-05:1.077 1e-06:1.087
lms w8 E2E-CANTELLI  [    0.1s] tightness 0.0001:1.801 1e-05:3.429 1e-06:8.678
lms w8 E2E-EVT-PoT   [    6.3s] tightness 0.0001:1.015 1e-05:0.995 1e-06:1.041
lms w8 E2E-EVT-BM    [    0.0s] tightness 0.0001:nan 1e-05:nan 1e-06:nan
lms w9 E2E-CHB       [    2.9s] tightness 0.0001:1.009 1e-05:0.958 1e-06:0.943
lms w9 E2E-MEMIK     [    0.6s] tightness 0.0001:1.102 1e-05:1.072 1e-06:1.082
lms w9 E2E-CANTELLI  [    0.1s] tightness 0.0001:1.787 1e-05:3.387 1e-06:8.549
lms w9 E2E-EVT-PoT   [    5.4s] tightness 0.0001:0.996 1e-05:0.946 1e-06:0.933
lms w9 E2E-EVT-BM    [    0.0s] tightness 0.0001:nan 1e-05:nan 1e-06:nan
wrote results/estimates_multiwindow/lms.json
prime w1 E2E-CHB       [    5.1s] tightness 0.0001:1.031 1e-05:1.023 1e-06:1.014
prime w1 E2E-MEMIK     [    0.6s] tightness 0.0001:1.058 1e-05:1.078 1e-06:1.107
prime w1 E2E-CANTELLI  [    0.1s] tightness 0.0001:16.495 1e-05:51.138 1e-06:159.330
prime w1 E2E-EVT-PoT   [    4.0s] tightness 0.0001:1.007 1e-05:0.993 1e-06:0.980
prime w1 E2E-EVT-BM    [    0.0s] tightness 0.0001:0.997 1e-05:0.980 1e-06:0.966
prime w2 E2E-CHB       [    5.0s] tightness 0.0001:1.034 1e-05:1.025 1e-06:1.024
prime w2 E2E-MEMIK     [    0.6s] tightness 0.0001:1.075 1e-05:1.075 1e-06:1.104
prime w2 E2E-CANTELLI  [    0.1s] tightness 0.0001:16.257 1e-05:50.401 1e-06:157.032
prime w2 E2E-EVT-PoT   [    4.0s] tightness 0.0001:1.010 1e-05:0.997 1e-06:0.984
prime w2 E2E-EVT-BM    [    0.0s] tightness 0.0001:nan 1e-05:nan 1e-06:nan
prime w3 E2E-CHB       [    4.9s] tightness 0.0001:1.046 1e-05:1.019 1e-06:1.039
prime w3 E2E-MEMIK     [    0.6s] tightness 0.0001:1.128 1e-05:1.134 1e-06:1.108
prime w3 E2E-CANTELLI  [    0.1s] tightness 0.0001:16.361 1e-05:50.724 1e-06:158.040
prime w3 E2E-EVT-PoT   [    4.1s] tightness 0.0001:1.019 1e-05:1.007 1e-06:0.993
prime w3 E2E-EVT-BM    [    0.0s] tightness 0.0001:1.017 1e-05:1.004 1e-06:0.991
prime w4 E2E-CHB       [    5.2s] tightness 0.0001:1.025 1e-05:1.016 1e-06:1.013
prime w4 E2E-MEMIK     [    0.6s] tightness 0.0001:1.132 1e-05:1.077 1e-06:1.106
prime w4 E2E-CANTELLI  [    0.1s] tightness 0.0001:16.350 1e-05:50.689 1e-06:157.932
prime w4 E2E-EVT-PoT   [    4.0s] tightness 0.0001:1.009 1e-05:0.996 1e-06:0.982
prime w4 E2E-EVT-BM    [    0.0s] tightness 0.0001:1.004 1e-05:0.987 1e-06:0.973
prime w5 E2E-CHB       [    5.2s] tightness 0.0001:1.035 1e-05:1.040 1e-06:1.025
prime w5 E2E-MEMIK     [    0.6s] tightness 0.0001:1.076 1e-05:1.076 1e-06:1.106
prime w5 E2E-CANTELLI  [    0.1s] tightness 0.0001:16.154 1e-05:50.086 1e-06:156.054
prime w5 E2E-EVT-PoT   [    4.0s] tightness 0.0001:1.031 1e-05:1.021 1e-06:1.008
prime w5 E2E-EVT-BM    [    0.0s] tightness 0.0001:nan 1e-05:nan 1e-06:nan
prime w6 E2E-CHB       [    5.2s] tightness 0.0001:1.028 1e-05:1.012 1e-06:1.010
prime w6 E2E-MEMIK     [    0.6s] tightness 0.0001:1.080 1e-05:1.076 1e-06:1.106
prime w6 E2E-CANTELLI  [    0.1s] tightness 0.0001:16.880 1e-05:52.333 1e-06:163.053
prime w6 E2E-EVT-PoT   [    4.0s] tightness 0.0001:0.998 1e-05:0.982 1e-06:0.969
prime w6 E2E-EVT-BM    [    0.0s] tightness 0.0001:nan 1e-05:nan 1e-06:nan
prime w7 E2E-CHB       [    5.0s] tightness 0.0001:1.041 1e-05:1.027 1e-06:1.019
prime w7 E2E-MEMIK     [    0.6s] tightness 0.0001:1.085 1e-05:1.077 1e-06:1.107
prime w7 E2E-CANTELLI  [    0.1s] tightness 0.0001:16.375 1e-05:50.769 1e-06:158.182
prime w7 E2E-EVT-PoT   [    4.0s] tightness 0.0001:1.011 1e-05:0.998 1e-06:0.985
prime w7 E2E-EVT-BM    [    0.0s] tightness 0.0001:1.002 1e-05:0.985 1e-06:0.971
prime w8 E2E-CHB       [    5.1s] tightness 0.0001:1.029 1e-05:1.033 1e-06:1.036
prime w8 E2E-MEMIK     [    0.6s] tightness 0.0001:1.100 1e-05:1.082 1e-06:1.109
prime w8 E2E-CANTELLI  [    0.1s] tightness 0.0001:16.446 1e-05:50.989 1e-06:158.867
prime w8 E2E-EVT-PoT   [    4.0s] tightness 0.0001:1.015 1e-05:1.002 1e-06:0.989
prime w8 E2E-EVT-BM    [    0.0s] tightness 0.0001:nan 1e-05:nan 1e-06:nan
prime w9 E2E-CHB       [    5.0s] tightness 0.0001:1.026 1e-05:1.017 1e-06:1.009
prime w9 E2E-MEMIK     [    0.6s] tightness 0.0001:1.104 1e-05:1.076 1e-06:1.105
prime w9 E2E-CANTELLI  [    0.1s] tightness 0.0001:16.422 1e-05:50.916 1e-06:158.642
prime w9 E2E-EVT-PoT   [    4.2s] tightness 0.0001:1.006 1e-05:0.992 1e-06:0.979
prime w9 E2E-EVT-BM    [    0.0s] tightness 0.0001:0.992 1e-05:0.975 1e-06:0.961
wrote results/estimates_multiwindow/prime.json
cnt w1 E2E-CHB       [    3.1s] tightness 0.0001:1.069 1e-05:1.010 1e-06:0.995
cnt w1 E2E-MEMIK     [    0.6s] tightness 0.0001:1.099 1e-05:1.053 1e-06:1.064
cnt w1 E2E-CANTELLI  [    0.1s] tightness 0.0001:1.860 1e-05:3.558 1e-06:9.086
cnt w1 E2E-EVT-PoT   [    1.6s] tightness 0.0001:1.013 1e-05:0.979 1e-06:1.019
cnt w1 E2E-EVT-BM    [    0.0s] tightness 0.0001:nan 1e-05:nan 1e-06:nan
cnt w2 E2E-CHB       [    2.8s] tightness 0.0001:1.011 1e-05:0.946 1e-06:0.930
cnt w2 E2E-MEMIK     [    0.6s] tightness 0.0001:1.096 1e-05:1.050 1e-06:1.061
cnt w2 E2E-CANTELLI  [    0.1s] tightness 0.0001:1.860 1e-05:3.559 1e-06:9.091
cnt w2 E2E-EVT-PoT   [    5.4s] tightness 0.0001:0.995 1e-05:0.925 1e-06:0.901
cnt w2 E2E-EVT-BM    [    0.0s] tightness 0.0001:nan 1e-05:nan 1e-06:nan
cnt w3 E2E-CHB       [    2.6s] tightness 0.0001:1.009 1e-05:0.944 1e-06:0.928
cnt w3 E2E-MEMIK     [    0.6s] tightness 0.0001:1.096 1e-05:1.050 1e-06:1.061
cnt w3 E2E-CANTELLI  [    0.1s] tightness 0.0001:1.844 1e-05:3.513 1e-06:8.949
cnt w3 E2E-EVT-PoT   [    3.1s] tightness 0.0001:0.995 1e-05:0.931 1e-06:0.915
cnt w3 E2E-EVT-BM    [    0.0s] tightness 0.0001:nan 1e-05:nan 1e-06:nan
cnt w4 E2E-CHB       [    2.9s] tightness 0.0001:1.014 1e-05:0.949 1e-06:0.932
cnt w4 E2E-MEMIK     [    0.6s] tightness 0.0001:1.095 1e-05:1.050 1e-06:1.060
cnt w4 E2E-CANTELLI  [    0.1s] tightness 0.0001:1.838 1e-05:3.496 1e-06:8.898
cnt w4 E2E-EVT-PoT   [    2.4s] tightness 0.0001:0.996 1e-05:0.934 1e-06:0.920
cnt w4 E2E-EVT-BM    [    0.0s] tightness 0.0001:nan 1e-05:nan 1e-06:nan
cnt w5 E2E-CHB       [    2.7s] tightness 0.0001:1.013 1e-05:0.948 1e-06:0.931
cnt w5 E2E-MEMIK     [    0.6s] tightness 0.0001:1.096 1e-05:1.050 1e-06:1.061
cnt w5 E2E-CANTELLI  [    0.1s] tightness 0.0001:1.867 1e-05:3.579 1e-06:9.150
cnt w5 E2E-EVT-PoT   [    5.2s] tightness 0.0001:0.999 1e-05:0.931 1e-06:0.910
cnt w5 E2E-EVT-BM    [    0.0s] tightness 0.0001:nan 1e-05:nan 1e-06:nan
cnt w6 E2E-CHB       [    2.9s] tightness 0.0001:1.014 1e-05:0.949 1e-06:0.933
cnt w6 E2E-MEMIK     [    0.6s] tightness 0.0001:1.096 1e-05:1.050 1e-06:1.061
cnt w6 E2E-CANTELLI  [    0.1s] tightness 0.0001:1.869 1e-05:3.584 1e-06:9.166
cnt w6 E2E-EVT-PoT   [    3.0s] tightness 0.0001:0.999 1e-05:0.927 1e-06:0.901
cnt w6 E2E-EVT-BM    [    0.0s] tightness 0.0001:0.997 1e-05:0.923 1e-06:0.895
cnt w7 E2E-CHB       [    2.9s] tightness 0.0001:1.011 1e-05:0.946 1e-06:0.929
cnt w7 E2E-MEMIK     [    0.6s] tightness 0.0001:1.096 1e-05:1.050 1e-06:1.061
cnt w7 E2E-CANTELLI  [    0.1s] tightness 0.0001:1.861 1e-05:3.562 1e-06:9.099
cnt w7 E2E-EVT-PoT   [    5.8s] tightness 0.0001:0.992 1e-05:0.919 1e-06:0.892
cnt w7 E2E-EVT-BM    [    0.0s] tightness 0.0001:nan 1e-05:nan 1e-06:nan
cnt w8 E2E-CHB       [    2.9s] tightness 0.0001:1.014 1e-05:0.949 1e-06:0.932
cnt w8 E2E-MEMIK     [    0.6s] tightness 0.0001:1.096 1e-05:1.050 1e-06:1.061
cnt w8 E2E-CANTELLI  [    0.1s] tightness 0.0001:1.849 1e-05:3.526 1e-06:8.988
cnt w8 E2E-EVT-PoT   [    1.4s] tightness 0.0001:1.000 1e-05:0.934 1e-06:0.914
cnt w8 E2E-EVT-BM    [    0.0s] tightness 0.0001:nan 1e-05:nan 1e-06:nan
cnt w9 E2E-CHB       [    2.9s] tightness 0.0001:1.044 1e-05:0.985 1e-06:0.960
cnt w9 E2E-MEMIK     [    0.6s] tightness 0.0001:1.097 1e-05:1.051 1e-06:1.062
cnt w9 E2E-CANTELLI  [    0.1s] tightness 0.0001:1.863 1e-05:3.569 1e-06:9.121
cnt w9 E2E-EVT-PoT   [    1.8s] tightness 0.0001:1.020 1e-05:0.986 1e-06:1.020
cnt w9 E2E-EVT-BM    [    0.0s] tightness 0.0001:nan 1e-05:nan 1e-06:nan
wrote results/estimates_multiwindow/cnt.json
ludcmp w1 E2E-CHB       [    2.8s] tightness 0.0001:1.014 1e-05:0.946 1e-06:0.926
ludcmp w1 E2E-MEMIK     [    0.6s] tightness 0.0001:1.094 1e-05:1.044 1e-06:1.047
ludcmp w1 E2E-CANTELLI  [    0.1s] tightness 0.0001:1.482 1e-05:2.449 1e-06:5.680
ludcmp w1 E2E-EVT-PoT   [    3.2s] tightness 0.0001:1.003 1e-05:0.922 1e-06:0.890
ludcmp w1 E2E-EVT-BM    [    0.0s] tightness 0.0001:nan 1e-05:nan 1e-06:nan
ludcmp w2 E2E-CHB       [    2.8s] tightness 0.0001:1.112 1e-05:1.037 1e-06:1.015
ludcmp w2 E2E-MEMIK     [    0.6s] tightness 0.0001:1.118 1e-05:1.067 1e-06:1.072
ludcmp w2 E2E-CANTELLI  [    0.1s] tightness 0.0001:1.546 1e-05:2.635 1e-06:6.245
ludcmp w2 E2E-EVT-PoT   [    3.2s] tightness 0.0001:1.063 1e-05:1.001 1e-06:0.981
ludcmp w2 E2E-EVT-BM    [    0.0s] tightness 0.0001:nan 1e-05:nan 1e-06:nan
ludcmp w3 E2E-CHB       [    2.9s] tightness 0.0001:1.009 1e-05:0.941 1e-06:0.921
ludcmp w3 E2E-MEMIK     [    0.6s] tightness 0.0001:1.093 1e-05:1.044 1e-06:1.046
ludcmp w3 E2E-CANTELLI  [    0.1s] tightness 0.0001:1.465 1e-05:2.400 1e-06:5.530
ludcmp w3 E2E-EVT-PoT   [    3.7s] tightness 0.0001:0.992 1e-05:0.911 1e-06:0.878
ludcmp w3 E2E-EVT-BM    [    0.0s] tightness 0.0001:nan 1e-05:nan 1e-06:nan
ludcmp w4 E2E-CHB       [    2.9s] tightness 0.0001:1.011 1e-05:0.943 1e-06:0.923
ludcmp w4 E2E-MEMIK     [    0.6s] tightness 0.0001:1.093 1e-05:1.044 1e-06:1.046
ludcmp w4 E2E-CANTELLI  [    0.1s] tightness 0.0001:1.464 1e-05:2.397 1e-06:5.522
ludcmp w4 E2E-EVT-PoT   [    3.7s] tightness 0.0001:1.000 1e-05:0.920 1e-06:0.887
ludcmp w4 E2E-EVT-BM    [    0.0s] tightness 0.0001:nan 1e-05:nan 1e-06:nan
ludcmp w5 E2E-CHB       [    2.8s] tightness 0.0001:1.009 1e-05:0.941 1e-06:0.921
ludcmp w5 E2E-MEMIK     [    0.6s] tightness 0.0001:1.093 1e-05:1.044 1e-06:1.046
ludcmp w5 E2E-CANTELLI  [    0.1s] tightness 0.0001:1.487 1e-05:2.465 1e-06:5.727
ludcmp w5 E2E-EVT-PoT   [    3.8s] tightness 0.0001:0.995 1e-05:0.914 1e-06:0.881
ludcmp w5 E2E-EVT-BM    [    0.0s] tightness 0.0001:nan 1e-05:nan 1e-06:nan
ludcmp w6 E2E-CHB       [    2.8s] tightness 0.0001:1.016 1e-05:0.948 1e-06:0.928
ludcmp w6 E2E-MEMIK     [    0.6s] tightness 0.0001:1.094 1e-05:1.045 1e-06:1.047
ludcmp w6 E2E-CANTELLI  [    0.1s] tightness 0.0001:1.501 1e-05:2.504 1e-06:5.846
ludcmp w6 E2E-EVT-PoT   [    3.5s] tightness 0.0001:1.005 1e-05:0.924 1e-06:0.891
ludcmp w6 E2E-EVT-BM    [    0.0s] tightness 0.0001:nan 1e-05:nan 1e-06:nan
ludcmp w7 E2E-CHB       [    2.8s] tightness 0.0001:1.090 1e-05:1.032 1e-06:0.995
ludcmp w7 E2E-MEMIK     [    0.6s] tightness 0.0001:1.104 1e-05:1.054 1e-06:1.057
ludcmp w7 E2E-CANTELLI  [    0.1s] tightness 0.0001:1.509 1e-05:2.529 1e-06:5.923
ludcmp w7 E2E-EVT-PoT   [    3.5s] tightness 0.0001:1.054 1e-05:0.988 1e-06:0.963
ludcmp w7 E2E-EVT-BM    [    0.0s] tightness 0.0001:nan 1e-05:nan 1e-06:nan
ludcmp w8 E2E-CHB       [    2.9s] tightness 0.0001:1.098 1e-05:1.024 1e-06:1.003
ludcmp w8 E2E-MEMIK     [    0.6s] tightness 0.0001:1.109 1e-05:1.059 1e-06:1.061
ludcmp w8 E2E-CANTELLI  [    0.1s] tightness 0.0001:1.519 1e-05:2.556 1e-06:6.005
ludcmp w8 E2E-EVT-PoT   [    3.5s] tightness 0.0001:1.057 1e-05:0.992 1e-06:0.970
ludcmp w8 E2E-EVT-BM    [    0.0s] tightness 0.0001:nan 1e-05:nan 1e-06:nan
ludcmp w9 E2E-CHB       [    2.7s] tightness 0.0001:1.005 1e-05:0.937 1e-06:0.917
ludcmp w9 E2E-MEMIK     [    0.6s] tightness 0.0001:1.092 1e-05:1.043 1e-06:1.046
ludcmp w9 E2E-CANTELLI  [    0.1s] tightness 0.0001:1.423 1e-05:2.280 1e-06:5.164
ludcmp w9 E2E-EVT-PoT   [    3.6s] tightness 0.0001:0.988 1e-05:0.908 1e-06:0.875
ludcmp w9 E2E-EVT-BM    [    0.0s] tightness 0.0001:nan 1e-05:nan 1e-06:nan
wrote results/estimates_multiwindow/ludcmp.json
select w1 E2E-CHB       [    3.9s] tightness 0.0001:1.120 1e-05:1.046 1e-06:0.936
select w1 E2E-MEMIK     [    0.6s] tightness 0.0001:1.118 1e-05:1.103 1e-06:0.937
select w1 E2E-CANTELLI  [    0.1s] tightness 0.0001:10.860 1e-05:30.242 1e-06:77.170
select w1 E2E-EVT-PoT   [    3.4s] tightness 0.0001:1.001 1e-05:1.030 1e-06:0.843
select w1 E2E-EVT-BM    [    0.0s] tightness 0.0001:nan 1e-05:nan 1e-06:nan
select w2 E2E-CHB       [    3.9s] tightness 0.0001:1.038 1e-05:0.971 1e-06:0.845
select w2 E2E-MEMIK     [    0.6s] tightness 0.0001:1.069 1e-05:1.018 1e-06:0.850
select w2 E2E-CANTELLI  [    0.1s] tightness 0.0001:10.735 1e-05:29.878 1e-06:76.225
select w2 E2E-EVT-PoT   [    4.6s] tightness 0.0001:1.023 1e-05:0.955 1e-06:0.782
select w2 E2E-EVT-BM    [    0.0s] tightness 0.0001:nan 1e-05:nan 1e-06:nan
select w3 E2E-CHB       [    3.8s] tightness 0.0001:0.998 1e-05:0.934 1e-06:0.797
select w3 E2E-MEMIK     [    0.6s] tightness 0.0001:1.036 1e-05:0.970 1e-06:0.823
select w3 E2E-CANTELLI  [    0.1s] tightness 0.0001:10.580 1e-05:29.424 1e-06:75.049
select w3 E2E-EVT-PoT   [    4.0s] tightness 0.0001:0.979 1e-05:0.925 1e-06:0.770
select w3 E2E-EVT-BM    [    0.0s] tightness 0.0001:nan 1e-05:nan 1e-06:nan
select w4 E2E-CHB       [    3.8s] tightness 0.0001:0.981 1e-05:0.909 1e-06:0.761
select w4 E2E-MEMIK     [    0.6s] tightness 0.0001:0.993 1e-05:0.949 1e-06:0.805
select w4 E2E-CANTELLI  [    0.1s] tightness 0.0001:10.647 1e-05:29.624 1e-06:75.569
select w4 E2E-EVT-PoT   [    3.8s] tightness 0.0001:0.956 1e-05:0.892 1e-06:0.736
select w4 E2E-EVT-BM    [    0.0s] tightness 0.0001:0.953 1e-05:0.890 1e-06:0.734
select w5 E2E-CHB       [    3.7s] tightness 0.0001:0.986 1e-05:0.923 1e-06:0.780
select w5 E2E-MEMIK     [    0.5s] tightness 0.0001:1.012 1e-05:0.959 1e-06:0.814
select w5 E2E-CANTELLI  [    0.1s] tightness 0.0001:10.714 1e-05:29.818 1e-06:76.071
select w5 E2E-EVT-PoT   [    3.6s] tightness 0.0001:0.969 1e-05:0.910 1e-06:0.755
select w5 E2E-EVT-BM    [    0.0s] tightness 0.0001:0.962 1e-05:0.901 1e-06:0.745
select w6 E2E-CHB       [    3.8s] tightness 0.0001:0.995 1e-05:0.955 1e-06:0.792
select w6 E2E-MEMIK     [    0.6s] tightness 0.0001:1.063 1e-05:1.035 1e-06:0.870
select w6 E2E-CANTELLI  [    0.1s] tightness 0.0001:10.784 1e-05:30.025 1e-06:76.609
select w6 E2E-EVT-PoT   [    3.5s] tightness 0.0001:0.994 1e-05:0.976 1e-06:0.799
select w6 E2E-EVT-BM    [    0.0s] tightness 0.0001:nan 1e-05:nan 1e-06:nan
select w7 E2E-CHB       [    3.7s] tightness 0.0001:0.991 1e-05:0.927 1e-06:0.787
select w7 E2E-MEMIK     [    0.6s] tightness 0.0001:1.021 1e-05:0.962 1e-06:0.816
select w7 E2E-CANTELLI  [    0.1s] tightness 0.0001:10.666 1e-05:29.675 1e-06:75.700
select w7 E2E-EVT-PoT   [    4.3s] tightness 0.0001:0.970 1e-05:0.912 1e-06:0.756
select w7 E2E-EVT-BM    [    0.0s] tightness 0.0001:0.975 1e-05:0.927 1e-06:0.778
select w8 E2E-CHB       [    4.1s] tightness 0.0001:0.989 1e-05:0.925 1e-06:0.782
select w8 E2E-MEMIK     [    0.6s] tightness 0.0001:1.003 1e-05:0.956 1e-06:0.811
select w8 E2E-CANTELLI  [    0.1s] tightness 0.0001:10.623 1e-05:29.552 1e-06:75.382
select w8 E2E-EVT-PoT   [    3.7s] tightness 0.0001:0.964 1e-05:0.910 1e-06:0.745
select w8 E2E-EVT-BM    [    0.0s] tightness 0.0001:0.958 1e-05:0.896 1e-06:0.741
select w9 E2E-CHB       [    3.9s] tightness 0.0001:1.059 1e-05:1.034 1e-06:0.868
select w9 E2E-MEMIK     [    0.6s] tightness 0.0001:1.075 1e-05:1.036 1e-06:0.870
select w9 E2E-CANTELLI  [    0.1s] tightness 0.0001:10.637 1e-05:29.594 1e-06:75.490
select w9 E2E-EVT-PoT   [    4.0s] tightness 0.0001:1.058 1e-05:0.975 1e-06:0.799
select w9 E2E-EVT-BM    [    0.0s] tightness 0.0001:nan 1e-05:nan 1e-06:nan
wrote results/estimates_multiwindow/select.json
qsort-exam w1 E2E-CHB       [    3.0s] tightness 0.0001:1.003 1e-05:0.945 1e-06:0.937
qsort-exam w1 E2E-MEMIK     [    0.6s] tightness 0.0001:1.083 1e-05:1.048 1e-06:1.065
qsort-exam w1 E2E-CANTELLI  [    0.1s] tightness 0.0001:2.359 1e-05:5.074 1e-06:13.864
qsort-exam w1 E2E-EVT-PoT   [    3.9s] tightness 0.0001:0.988 1e-05:0.917 1e-06:0.895
qsort-exam w1 E2E-EVT-BM    [    0.0s] tightness 0.0001:0.993 1e-05:0.938 1e-06:0.932
qsort-exam w2 E2E-CHB       [    3.1s] tightness 0.0001:1.002 1e-05:0.944 1e-06:0.936
qsort-exam w2 E2E-MEMIK     [    0.6s] tightness 0.0001:1.083 1e-05:1.049 1e-06:1.065
qsort-exam w2 E2E-CANTELLI  [    0.1s] tightness 0.0001:2.370 1e-05:5.107 1e-06:13.965
qsort-exam w2 E2E-EVT-PoT   [    4.1s] tightness 0.0001:0.989 1e-05:0.921 1e-06:0.899
qsort-exam w2 E2E-EVT-BM    [    0.0s] tightness 0.0001:0.990 1e-05:0.934 1e-06:0.927
qsort-exam w3 E2E-CHB       [    3.0s] tightness 0.0001:1.002 1e-05:0.944 1e-06:0.936
qsort-exam w3 E2E-MEMIK     [    0.6s] tightness 0.0001:1.083 1e-05:1.049 1e-06:1.065
qsort-exam w3 E2E-CANTELLI  [    0.1s] tightness 0.0001:2.373 1e-05:5.117 1e-06:13.996
qsort-exam w3 E2E-EVT-PoT   [    2.9s] tightness 0.0001:0.986 1e-05:0.917 1e-06:0.895
qsort-exam w3 E2E-EVT-BM    [    0.0s] tightness 0.0001:nan 1e-05:nan 1e-06:nan
qsort-exam w4 E2E-CHB       [    2.7s] tightness 0.0001:1.067 1e-05:1.005 1e-06:0.997
qsort-exam w4 E2E-MEMIK     [    0.6s] tightness 0.0001:1.092 1e-05:1.054 1e-06:1.071
qsort-exam w4 E2E-CANTELLI  [    0.1s] tightness 0.0001:2.380 1e-05:5.136 1e-06:14.054
qsort-exam w4 E2E-EVT-PoT   [    2.4s] tightness 0.0001:1.005 1e-05:0.989 1e-06:0.966
qsort-exam w4 E2E-EVT-BM    [    0.0s] tightness 0.0001:nan 1e-05:nan 1e-06:nan
qsort-exam w5 E2E-CHB       [    3.0s] tightness 0.0001:1.008 1e-05:0.950 1e-06:0.942
qsort-exam w5 E2E-MEMIK     [    0.6s] tightness 0.0001:1.083 1e-05:1.048 1e-06:1.065
qsort-exam w5 E2E-CANTELLI  [    0.1s] tightness 0.0001:2.338 1e-05:5.013 1e-06:13.676
qsort-exam w5 E2E-EVT-PoT   [    2.8s] tightness 0.0001:0.984 1e-05:0.933 1e-06:0.911
qsort-exam w5 E2E-EVT-BM    [    0.0s] tightness 0.0001:0.994 1e-05:0.939 1e-06:0.935
qsort-exam w6 E2E-CHB       [    2.9s] tightness 0.0001:1.090 1e-05:1.027 1e-06:1.041
qsort-exam w6 E2E-MEMIK     [    0.6s] tightness 0.0001:1.101 1e-05:1.063 1e-06:1.080
qsort-exam w6 E2E-CANTELLI  [    0.1s] tightness 0.0001:2.392 1e-05:5.171 1e-06:14.162
qsort-exam w6 E2E-EVT-PoT   [    2.6s] tightness 0.0001:1.089 1e-05:1.010 1e-06:0.986
qsort-exam w6 E2E-EVT-BM    [    0.0s] tightness 0.0001:nan 1e-05:nan 1e-06:nan
qsort-exam w7 E2E-CHB       [    2.7s] tightness 0.0001:1.004 1e-05:0.946 1e-06:0.937
qsort-exam w7 E2E-MEMIK     [    0.6s] tightness 0.0001:1.083 1e-05:1.048 1e-06:1.065
qsort-exam w7 E2E-CANTELLI  [    0.1s] tightness 0.0001:2.338 1e-05:5.014 1e-06:13.677
qsort-exam w7 E2E-EVT-PoT   [    3.6s] tightness 0.0001:0.981 1e-05:0.926 1e-06:0.904
qsort-exam w7 E2E-EVT-BM    [    0.0s] tightness 0.0001:0.991 1e-05:0.938 1e-06:0.935
qsort-exam w8 E2E-CHB       [    3.0s] tightness 0.0001:1.007 1e-05:0.948 1e-06:0.940
qsort-exam w8 E2E-MEMIK     [    0.6s] tightness 0.0001:1.083 1e-05:1.049 1e-06:1.065
qsort-exam w8 E2E-CANTELLI  [    0.1s] tightness 0.0001:2.364 1e-05:5.089 1e-06:13.909
qsort-exam w8 E2E-EVT-PoT   [    3.2s] tightness 0.0001:0.995 1e-05:0.926 1e-06:0.904
qsort-exam w8 E2E-EVT-BM    [    0.0s] tightness 0.0001:0.996 1e-05:0.943 1e-06:0.939
qsort-exam w9 E2E-CHB       [    3.0s] tightness 0.0001:1.084 1e-05:1.038 1e-06:1.035
qsort-exam w9 E2E-MEMIK     [    0.6s] tightness 0.0001:1.097 1e-05:1.059 1e-06:1.076
qsort-exam w9 E2E-CANTELLI  [    0.1s] tightness 0.0001:2.359 1e-05:5.075 1e-06:13.867
qsort-exam w9 E2E-EVT-PoT   [    3.7s] tightness 0.0001:0.996 1e-05:1.005 1e-06:0.981
qsort-exam w9 E2E-EVT-BM    [    0.0s] tightness 0.0001:nan 1e-05:nan 1e-06:nan
wrote results/estimates_multiwindow/qsort-exam.json
