select: killer median 172.4 us, max 188.1 us
w0 E2E-CHB          0.0001: 0.171x  1e-05: 0.174x  1e-06: 0.175x [3 s]
w0 E2E-MEMIK        0.0001: 0.171x  1e-05: 0.176x  1e-06: 0.182x [1 s]
w0 E2E-CANTELLI     0.0001: 1.802x  1e-05: 5.446x  1e-06: 16.966x [0 s]
w0 E2E-EVT-PoT      0.0001: 0.164x  1e-05: 0.167x  1e-06: 0.170x [6 s]
w0 E2E-EVT-BM       0.0001: 0.164x  1e-05: 0.167x  1e-06: 0.170x [0 s]
w0 CHB-COMONO       0.0001: 27.490x  1e-05: 27.905x  1e-06: 27.913x [5 s]
w0 CHB-IND          0.0001: 27.454x  1e-05: 27.859x  1e-06: 27.860x [13 s]
w0 CHB-COP          0.0001: 27.454x  1e-05: 27.859x  1e-06: 27.859x [74 s]
w0 MEMIK-COP        0.0001: 29.238x  1e-05: 30.164x  1e-06: 2144.927x [21 s]
w0 EVT-COP          0.0001: 23.829x  1e-05: 24.170x  1e-06: 24.258x [43 s]
w0 CHB-COMONO@inst  0.0001: 64.250x  1e-05: 118.656x  1e-06: 137.972x [33 s]
w0 CHB-IND@inst     0.0001: 62.994x  1e-05: 69.329x  1e-06: 89.886x [73 s]
w0 CHB-COP@inst     0.0001: 66.383x  1e-05: 90.101x  1e-06: 120.226x [1192 s]
w1 E2E-CHB          0.0001: 0.173x  1e-05: 0.181x  1e-06: 0.183x [2 s]
w1 E2E-MEMIK        0.0001: 0.174x  1e-05: 0.181x  1e-06: 0.186x [1 s]
w1 E2E-CANTELLI     0.0001: 1.843x  1e-05: 5.575x  1e-06: 17.375x [0 s]
w1 E2E-EVT-PoT      0.0001: 0.173x  1e-05: 0.173x  1e-06: 0.173x [6 s]
w1 E2E-EVT-BM       0.0001: 0.163x  1e-05: 0.166x  1e-06: 0.168x [0 s]
w1 CHB-COMONO       0.0001: 27.368x  1e-05: 28.349x  1e-06: 28.604x [6 s]
w1 CHB-IND          0.0001: 27.367x  1e-05: 28.334x  1e-06: 28.589x [7 s]
w1 CHB-COP          0.0001: 27.367x  1e-05: 28.333x  1e-06: 28.589x [25 s]
w1 MEMIK-COP        0.0001: 29.301x  1e-05: 30.418x  1e-06: 32.409x [22 s]
w1 EVT-COP          0.0001: 24.245x  1e-05: 24.567x  1e-06: 24.649x [37 s]
w1 CHB-COMONO@inst  0.0001: 70.886x  1e-05: 111.496x  1e-06: 118.849x [33 s]
w1 CHB-IND@inst     0.0001: 69.253x  1e-05: 81.126x  1e-06: 87.745x [59 s]
w1 CHB-COP@inst     0.0001: 71.405x  1e-05: 97.589x  1e-06: 115.311x [404 s]
