=== qsort-exam: instrument
+ /usr/bin/python3 /home/atsushi/evaluation_pWCET_analysis_using_inequalities_and_copulas/ipoint/tools/ipoint_instrument.py /home/atsushi/evaluation_pWCET_analysis_using_inequalities_and_copulas/ipoint/bench/build/qsort-exam/qsort-exam.c --entry sort --out /home/atsushi/evaluation_pWCET_analysis_using_inequalities_and_copulas/ipoint/bench/build/qsort-exam/qsort-exam.ipoint_full.c --schema /home/atsushi/evaluation_pWCET_analysis_using_inequalities_and_copulas/ipoint/bench/build/qsort-exam/schema_full.json --bounds /home/atsushi/evaluation_pWCET_analysis_using_inequalities_and_copulas/ipoint/bench/bounds/qsort-exam.bounds.json --all
wrote /home/atsushi/evaluation_pWCET_analysis_using_inequalities_and_copulas/ipoint/bench/build/qsort-exam/qsort-exam.ipoint_full.c and /home/atsushi/evaluation_pWCET_analysis_using_inequalities_and_copulas/ipoint/bench/build/qsort-exam/schema_full.json (29 instrumented units, ids 1..52)
=== qsort-exam: pilot
+ /usr/bin/python3 /home/atsushi/evaluation_pWCET_analysis_using_inequalities_and_copulas/ipoint/tools/ipoint_instrument.py /home/atsushi/evaluation_pWCET_analysis_using_inequalities_and_copulas/ipoint/bench/build/qsort-exam/qsort-exam.c --entry sort --out /home/atsushi/evaluation_pWCET_analysis_using_inequalities_and_copulas/ipoint/bench/build/qsort-exam/qsort-exam.ipoint.c --schema /home/atsushi/evaluation_pWCET_analysis_using_inequalities_and_copulas/ipoint/bench/build/qsort-exam/schema_timing.json --bounds /home/atsushi/evaluation_pWCET_analysis_using_inequalities_and_copulas/ipoint/bench/bounds/qsort-exam.bounds.json --all
wrote /home/atsushi/evaluation_pWCET_analysis_using_inequalities_and_copulas/ipoint/bench/build/qsort-exam/qsort-exam.ipoint.c and /home/atsushi/evaluation_pWCET_analysis_using_inequalities_and_copulas/ipoint/bench/build/qsort-exam/schema_timing.json (29 instrumented units, ids 1..52)
+ make -s BENCH=qsort-exam MODE=timing SRC=/home/atsushi/evaluation_pWCET_analysis_using_inequalities_and_copulas/ipoint/bench/build/qsort-exam/qsort-exam.ipoint.c KERNEL_DEFS=
/home/atsushi/evaluation_pWCET_analysis_using_inequalities_and_copulas/ipoint/bench/build/qsort-exam/qsort-exam.ipoint.c: In function ‘sort’:
/home/atsushi/evaluation_pWCET_analysis_using_inequalities_and_copulas/ipoint/bench/build/qsort-exam/qsort-exam.ipoint.c:66:13: warning: variable ‘flag’ set but not used [-Wunused-but-set-variable]
   66 |         int flag;
      |             ^~~~
+ taskset -c 6 /home/atsushi/evaluation_pWCET_analysis_using_inequalities_and_copulas/ipoint/bench/build/qsort-exam/timing/bench_qsort-exam --out /home/atsushi/evaluation_pWCET_analysis_using_inequalities_and_copulas/results/e214/rand/qsort-exam/pilot/round0 --runs 1000 --full-trace-runs 1000 --seed0 20260829 --core 6 --warmup 1000 --param 0.0 --entry-id 1 --exit-id 2 --max-id 52 --calib 1
qsort-exam [timing]: 1000 runs in 2.6 s; e2e ticks min/mean/max = 2125578/2202602.5/2751746; migrations=0 overflow=0
+ /usr/bin/python3 /home/atsushi/evaluation_pWCET_analysis_using_inequalities_and_copulas/ipoint/tools/ipoint_parse.py --schema /home/atsushi/evaluation_pWCET_analysis_using_inequalities_and_copulas/ipoint/bench/build/qsort-exam/schema_timing.json --trace-dir /home/atsushi/evaluation_pWCET_analysis_using_inequalities_and_copulas/results/e214/rand/qsort-exam/pilot/round0 --out /home/atsushi/evaluation_pWCET_analysis_using_inequalities_and_copulas/results/e214/rand/qsort-exam/pilot/round0/parsed --min-unit-ns 100.0
parsed 1000 runs, 29 units; implicit closes: 0, unmatched exits: 0, suggested exclusions: ['sort.L1.body.if1.else.if3.then', 'sort.L1.body.if1.else.L1.body.L1', 'sort.L1.body.if1.else.L1.body.L2.body', 'sort.L1.body.if1.else.L1.body.L2', 'sort.L1.body.if1.else.L1.body.L1.body', 'sort.L1.body.if1.else.L1.body.if1.then', 'sort.L1.body.if1.else.if4.then', 'sort.L1.body.if1.else.if2.then', 'sort.L1.body.if1.else.if4.else', 'sort.L1.body.if1.else.if1.then', 'sort.L1.body.if1.then.L1.body.L1.body.if1.then', 'sort.L1.body.if1.then.L1.body.L1.body', 'sort.L1.body.if1.then.if1.then']
+ /usr/bin/python3 /home/atsushi/evaluation_pWCET_analysis_using_inequalities_and_copulas/ipoint/tools/ipoint_instrument.py /home/atsushi/evaluation_pWCET_analysis_using_inequalities_and_copulas/ipoint/bench/build/qsort-exam/qsort-exam.c --entry sort --out /home/atsushi/evaluation_pWCET_analysis_using_inequalities_and_copulas/ipoint/bench/build/qsort-exam/qsort-exam.ipoint.c --schema /home/atsushi/evaluation_pWCET_analysis_using_inequalities_and_copulas/ipoint/bench/build/qsort-exam/schema_timing.json --bounds /home/atsushi/evaluation_pWCET_analysis_using_inequalities_and_copulas/ipoint/bench/bounds/qsort-exam.bounds.json --all --exclude-unit sort.L1.body.if1.else.L1.body.L1 --exclude-unit sort.L1.body.if1.else.L1.body.L1.body --exclude-unit sort.L1.body.if1.else.L1.body.L2 --exclude-unit sort.L1.body.if1.else.L1.body.L2.body --exclude-unit sort.L1.body.if1.else.L1.body.if1.then --exclude-unit sort.L1.body.if1.else.if1.then --exclude-unit sort.L1.body.if1.else.if2.then --exclude-unit sort.L1.body.if1.else.if3.then --exclude-unit sort.L1.body.if1.else.if4.else --exclude-unit sort.L1.body.if1.else.if4.then --exclude-unit sort.L1.body.if1.then.L1.body.L1.body --exclude-unit sort.L1.body.if1.then.L1.body.L1.body.if1.then --exclude-unit sort.L1.body.if1.then.if1.then
wrote /home/atsushi/evaluation_pWCET_analysis_using_inequalities_and_copulas/ipoint/bench/build/qsort-exam/qsort-exam.ipoint.c and /home/atsushi/evaluation_pWCET_analysis_using_inequalities_and_copulas/ipoint/bench/build/qsort-exam/schema_timing.json (15 instrumented units, ids 1..52)
+ make -s BENCH=qsort-exam MODE=timing SRC=/home/atsushi/evaluation_pWCET_analysis_using_inequalities_and_copulas/ipoint/bench/build/qsort-exam/qsort-exam.ipoint.c KERNEL_DEFS=
/home/atsushi/evaluation_pWCET_analysis_using_inequalities_and_copulas/ipoint/bench/build/qsort-exam/qsort-exam.ipoint.c: In function ‘sort’:
/home/atsushi/evaluation_pWCET_analysis_using_inequalities_and_copulas/ipoint/bench/build/qsort-exam/qsort-exam.ipoint.c:66:13: warning: variable ‘flag’ set but not used [-Wunused-but-set-variable]
   66 |         int flag;
      |             ^~~~
+ taskset -c 6 /home/atsushi/evaluation_pWCET_analysis_using_inequalities_and_copulas/ipoint/bench/build/qsort-exam/timing/bench_qsort-exam --out /home/atsushi/evaluation_pWCET_analysis_using_inequalities_and_copulas/results/e214/rand/qsort-exam/pilot/round1 --runs 1000 --full-trace-runs 1000 --seed0 20260829 --core 6 --warmup 1000 --param 0.0 --entry-id 1 --exit-id 2 --max-id 52 --calib 1
qsort-exam [timing]: 1000 runs in 0.9 s; e2e ticks min/mean/max = 769366/801396.6/822794; migrations=0 overflow=0
+ /usr/bin/python3 /home/atsushi/evaluation_pWCET_analysis_using_inequalities_and_copulas/ipoint/tools/ipoint_parse.py --schema /home/atsushi/evaluation_pWCET_analysis_using_inequalities_and_copulas/ipoint/bench/build/qsort-exam/schema_timing.json --trace-dir /home/atsushi/evaluation_pWCET_analysis_using_inequalities_and_copulas/results/e214/rand/qsort-exam/pilot/round1 --out /home/atsushi/evaluation_pWCET_analysis_using_inequalities_and_copulas/results/e214/rand/qsort-exam/pilot/round1/parsed --min-unit-ns 100.0
parsed 1000 runs, 15 units; implicit closes: 0, unmatched exits: 0, suggested exclusions: ['sort.L1.body.if1.else.L1.body', 'sort.L1.body.if1.then.L1.body.L1']
+ /usr/bin/python3 /home/atsushi/evaluation_pWCET_analysis_using_inequalities_and_copulas/ipoint/tools/ipoint_instrument.py /home/atsushi/evaluation_pWCET_analysis_using_inequalities_and_copulas/ipoint/bench/build/qsort-exam/qsort-exam.c --entry sort --out /home/atsushi/evaluation_pWCET_analysis_using_inequalities_and_copulas/ipoint/bench/build/qsort-exam/qsort-exam.ipoint.c --schema /home/atsushi/evaluation_pWCET_analysis_using_inequalities_and_copulas/ipoint/bench/build/qsort-exam/schema_timing.json --bounds /home/atsushi/evaluation_pWCET_analysis_using_inequalities_and_copulas/ipoint/bench/bounds/qsort-exam.bounds.json --all --exclude-unit sort.L1.body.if1.else.L1.body --exclude-unit sort.L1.body.if1.else.L1.body.L1 --exclude-unit sort.L1.body.if1.else.L1.body.L1.body --exclude-unit sort.L1.body.if1.else.L1.body.L2 --exclude-unit sort.L1.body.if1.else.L1.body.L2.body --exclude-unit sort.L1.body.if1.else.L1.body.if1.then --exclude-unit sort.L1.body.if1.else.if1.then --exclude-unit sort.L1.body.if1.else.if2.then --exclude-unit sort.L1.body.if1.else.if3.then --exclude-unit sort.L1.body.if1.else.if4.else --exclude-unit sort.L1.body.if1.else.if4.then --exclude-unit sort.L1.body.if1.then.L1.body.L1 --exclude-unit sort.L1.body.if1.then.L1.body.L1.body --exclude-unit sort.L1.body.if1.then.L1.body.L1.body.if1.then --exclude-unit sort.L1.body.if1.then.if1.then
wrote /home/atsushi/evaluation_pWCET_analysis_using_inequalities_and_copulas/ipoint/bench/build/qsort-exam/qsort-exam.ipoint.c and /home/atsushi/evaluation_pWCET_analysis_using_inequalities_and_copulas/ipoint/bench/build/qsort-exam/schema_timing.json (12 instrumented units, ids 1..52)
+ make -s BENCH=qsort-exam MODE=timing SRC=/home/atsushi/evaluation_pWCET_analysis_using_inequalities_and_copulas/ipoint/bench/build/qsort-exam/qsort-exam.ipoint.c KERNEL_DEFS=
/home/atsushi/evaluation_pWCET_analysis_using_inequalities_and_copulas/ipoint/bench/build/qsort-exam/qsort-exam.ipoint.c: In function ‘sort’:
/home/atsushi/evaluation_pWCET_analysis_using_inequalities_and_copulas/ipoint/bench/build/qsort-exam/qsort-exam.ipoint.c:66:13: warning: variable ‘flag’ set but not used [-Wunused-but-set-variable]
   66 |         int flag;
      |             ^~~~
+ taskset -c 6 /home/atsushi/evaluation_pWCET_analysis_using_inequalities_and_copulas/ipoint/bench/build/qsort-exam/timing/bench_qsort-exam --out /home/atsushi/evaluation_pWCET_analysis_using_inequalities_and_copulas/results/e214/rand/qsort-exam/pilot/round2 --runs 1000 --full-trace-runs 1000 --seed0 20260829 --core 6 --warmup 1000 --param 0.0 --entry-id 1 --exit-id 2 --max-id 52 --calib 1
qsort-exam [timing]: 1000 runs in 0.4 s; e2e ticks min/mean/max = 378152/389475.7/405352; migrations=0 overflow=0
+ /usr/bin/python3 /home/atsushi/evaluation_pWCET_analysis_using_inequalities_and_copulas/ipoint/tools/ipoint_parse.py --schema /home/atsushi/evaluation_pWCET_analysis_using_inequalities_and_copulas/ipoint/bench/build/qsort-exam/schema_timing.json --trace-dir /home/atsushi/evaluation_pWCET_analysis_using_inequalities_and_copulas/results/e214/rand/qsort-exam/pilot/round2 --out /home/atsushi/evaluation_pWCET_analysis_using_inequalities_and_copulas/results/e214/rand/qsort-exam/pilot/round2/parsed --min-unit-ns 100.0
parsed 1000 runs, 12 units; implicit closes: 0, unmatched exits: 0, suggested exclusions: ['sort.L1.body.if1.then.L1.body']
+ /usr/bin/python3 /home/atsushi/evaluation_pWCET_analysis_using_inequalities_and_copulas/ipoint/tools/ipoint_instrument.py /home/atsushi/evaluation_pWCET_analysis_using_inequalities_and_copulas/ipoint/bench/build/qsort-exam/qsort-exam.c --entry sort --out /home/atsushi/evaluation_pWCET_analysis_using_inequalities_and_copulas/ipoint/bench/build/qsort-exam/qsort-exam.ipoint.c --schema /home/atsushi/evaluation_pWCET_analysis_using_inequalities_and_copulas/ipoint/bench/build/qsort-exam/schema_timing.json --bounds /home/atsushi/evaluation_pWCET_analysis_using_inequalities_and_copulas/ipoint/bench/bounds/qsort-exam.bounds.json --all --exclude-unit sort.L1.body.if1.else.L1.body --exclude-unit sort.L1.body.if1.else.L1.body.L1 --exclude-unit sort.L1.body.if1.else.L1.body.L1.body --exclude-unit sort.L1.body.if1.else.L1.body.L2 --exclude-unit sort.L1.body.if1.else.L1.body.L2.body --exclude-unit sort.L1.body.if1.else.L1.body.if1.then --exclude-unit sort.L1.body.if1.else.if1.then --exclude-unit sort.L1.body.if1.else.if2.then --exclude-unit sort.L1.body.if1.else.if3.then --exclude-unit sort.L1.body.if1.else.if4.else --exclude-unit sort.L1.body.if1.else.if4.then --exclude-unit sort.L1.body.if1.then.L1.body --exclude-unit sort.L1.body.if1.then.L1.body.L1 --exclude-unit sort.L1.body.if1.then.L1.body.L1.body --exclude-unit sort.L1.body.if1.then.L1.body.L1.body.if1.then --exclude-unit sort.L1.body.if1.then.if1.then
wrote /home/atsushi/evaluation_pWCET_analysis_using_inequalities_and_copulas/ipoint/bench/build/qsort-exam/qsort-exam.ipoint.c and /home/atsushi/evaluation_pWCET_analysis_using_inequalities_and_copulas/ipoint/bench/build/qsort-exam/schema_timing.json (11 instrumented units, ids 1..52)
+ make -s BENCH=qsort-exam MODE=timing SRC=/home/atsushi/evaluation_pWCET_analysis_using_inequalities_and_copulas/ipoint/bench/build/qsort-exam/qsort-exam.ipoint.c KERNEL_DEFS=
/home/atsushi/evaluation_pWCET_analysis_using_inequalities_and_copulas/ipoint/bench/build/qsort-exam/qsort-exam.ipoint.c: In function ‘sort’:
/home/atsushi/evaluation_pWCET_analysis_using_inequalities_and_copulas/ipoint/bench/build/qsort-exam/qsort-exam.ipoint.c:66:13: warning: variable ‘flag’ set but not used [-Wunused-but-set-variable]
   66 |         int flag;
      |             ^~~~
+ taskset -c 6 /home/atsushi/evaluation_pWCET_analysis_using_inequalities_and_copulas/ipoint/bench/build/qsort-exam/timing/bench_qsort-exam --out /home/atsushi/evaluation_pWCET_analysis_using_inequalities_and_copulas/results/e214/rand/qsort-exam/pilot/round3 --runs 1000 --full-trace-runs 1000 --seed0 20260829 --core 6 --warmup 1000 --param 0.0 --entry-id 1 --exit-id 2 --max-id 52 --calib 1
qsort-exam [timing]: 1000 runs in 0.4 s; e2e ticks min/mean/max = 317962/332303.9/349218; migrations=0 overflow=0
+ /usr/bin/python3 /home/atsushi/evaluation_pWCET_analysis_using_inequalities_and_copulas/ipoint/tools/ipoint_parse.py --schema /home/atsushi/evaluation_pWCET_analysis_using_inequalities_and_copulas/ipoint/bench/build/qsort-exam/schema_timing.json --trace-dir /home/atsushi/evaluation_pWCET_analysis_using_inequalities_and_copulas/results/e214/rand/qsort-exam/pilot/round3 --out /home/atsushi/evaluation_pWCET_analysis_using_inequalities_and_copulas/results/e214/rand/qsort-exam/pilot/round3/parsed --min-unit-ns 100.0
parsed 1000 runs, 11 units; implicit closes: 0, unmatched exits: 0, suggested exclusions: ['sort.L1.body.if1.then.L1']
+ /usr/bin/python3 /home/atsushi/evaluation_pWCET_analysis_using_inequalities_and_copulas/ipoint/tools/ipoint_instrument.py /home/atsushi/evaluation_pWCET_analysis_using_inequalities_and_copulas/ipoint/bench/build/qsort-exam/qsort-exam.c --entry sort --out /home/atsushi/evaluation_pWCET_analysis_using_inequalities_and_copulas/ipoint/bench/build/qsort-exam/qsort-exam.ipoint.c --schema /home/atsushi/evaluation_pWCET_analysis_using_inequalities_and_copulas/ipoint/bench/build/qsort-exam/schema_timing.json --bounds /home/atsushi/evaluation_pWCET_analysis_using_inequalities_and_copulas/ipoint/bench/bounds/qsort-exam.bounds.json --all --exclude-unit sort.L1.body.if1.else.L1.body --exclude-unit sort.L1.body.if1.else.L1.body.L1 --exclude-unit sort.L1.body.if1.else.L1.body.L1.body --exclude-unit sort.L1.body.if1.else.L1.body.L2 --exclude-unit sort.L1.body.if1.else.L1.body.L2.body --exclude-unit sort.L1.body.if1.else.L1.body.if1.then --exclude-unit sort.L1.body.if1.else.if1.then --exclude-unit sort.L1.body.if1.else.if2.then --exclude-unit sort.L1.body.if1.else.if3.then --exclude-unit sort.L1.body.if1.else.if4.else --exclude-unit sort.L1.body.if1.else.if4.then --exclude-unit sort.L1.body.if1.then.L1 --exclude-unit sort.L1.body.if1.then.L1.body --exclude-unit sort.L1.body.if1.then.L1.body.L1 --exclude-unit sort.L1.body.if1.then.L1.body.L1.body --exclude-unit sort.L1.body.if1.then.L1.body.L1.body.if1.then --exclude-unit sort.L1.body.if1.then.if1.then
wrote /home/atsushi/evaluation_pWCET_analysis_using_inequalities_and_copulas/ipoint/bench/build/qsort-exam/qsort-exam.ipoint.c and /home/atsushi/evaluation_pWCET_analysis_using_inequalities_and_copulas/ipoint/bench/build/qsort-exam/schema_timing.json (10 instrumented units, ids 1..52)
+ make -s BENCH=qsort-exam MODE=timing SRC=/home/atsushi/evaluation_pWCET_analysis_using_inequalities_and_copulas/ipoint/bench/build/qsort-exam/qsort-exam.ipoint.c KERNEL_DEFS=
/home/atsushi/evaluation_pWCET_analysis_using_inequalities_and_copulas/ipoint/bench/build/qsort-exam/qsort-exam.ipoint.c: In function ‘sort’:
/home/atsushi/evaluation_pWCET_analysis_using_inequalities_and_copulas/ipoint/bench/build/qsort-exam/qsort-exam.ipoint.c:66:13: warning: variable ‘flag’ set but not used [-Wunused-but-set-variable]
   66 |         int flag;
      |             ^~~~
+ taskset -c 6 /home/atsushi/evaluation_pWCET_analysis_using_inequalities_and_copulas/ipoint/bench/build/qsort-exam/timing/bench_qsort-exam --out /home/atsushi/evaluation_pWCET_analysis_using_inequalities_and_copulas/results/e214/rand/qsort-exam/pilot/round4 --runs 1000 --full-trace-runs 1000 --seed0 20260829 --core 6 --warmup 1000 --param 0.0 --entry-id 1 --exit-id 2 --max-id 52 --calib 1
qsort-exam [timing]: 1000 runs in 0.3 s; e2e ticks min/mean/max = 289540/304599.6/320400; migrations=0 overflow=0
+ /usr/bin/python3 /home/atsushi/evaluation_pWCET_analysis_using_inequalities_and_copulas/ipoint/tools/ipoint_parse.py --schema /home/atsushi/evaluation_pWCET_analysis_using_inequalities_and_copulas/ipoint/bench/build/qsort-exam/schema_timing.json --trace-dir /home/atsushi/evaluation_pWCET_analysis_using_inequalities_and_copulas/results/e214/rand/qsort-exam/pilot/round4 --out /home/atsushi/evaluation_pWCET_analysis_using_inequalities_and_copulas/results/e214/rand/qsort-exam/pilot/round4/parsed --min-unit-ns 100.0
parsed 1000 runs, 10 units; implicit closes: 0, unmatched exits: 0, suggested exclusions: []
+ /usr/bin/python3 /home/atsushi/evaluation_pWCET_analysis_using_inequalities_and_copulas/ipoint/tools/ipoint_instrument.py /home/atsushi/evaluation_pWCET_analysis_using_inequalities_and_copulas/ipoint/bench/build/qsort-exam/qsort-exam.c --entry sort --out /home/atsushi/evaluation_pWCET_analysis_using_inequalities_and_copulas/ipoint/bench/build/qsort-exam/qsort-exam.ipoint.c --schema /home/atsushi/evaluation_pWCET_analysis_using_inequalities_and_copulas/ipoint/bench/build/qsort-exam/schema_timing.json --bounds /home/atsushi/evaluation_pWCET_analysis_using_inequalities_and_copulas/ipoint/bench/bounds/qsort-exam.bounds.json --all --exclude-unit sort.L1.body.if1.else.L1.body --exclude-unit sort.L1.body.if1.else.L1.body.L1 --exclude-unit sort.L1.body.if1.else.L1.body.L1.body --exclude-unit sort.L1.body.if1.else.L1.body.L2 --exclude-unit sort.L1.body.if1.else.L1.body.L2.body --exclude-unit sort.L1.body.if1.else.L1.body.if1.then --exclude-unit sort.L1.body.if1.else.if1.then --exclude-unit sort.L1.body.if1.else.if2.then --exclude-unit sort.L1.body.if1.else.if3.then --exclude-unit sort.L1.body.if1.else.if4.else --exclude-unit sort.L1.body.if1.else.if4.then --exclude-unit sort.L1.body.if1.then.L1 --exclude-unit sort.L1.body.if1.then.L1.body --exclude-unit sort.L1.body.if1.then.L1.body.L1 --exclude-unit sort.L1.body.if1.then.L1.body.L1.body --exclude-unit sort.L1.body.if1.then.L1.body.L1.body.if1.then --exclude-unit sort.L1.body.if1.then.if1.then
wrote /home/atsushi/evaluation_pWCET_analysis_using_inequalities_and_copulas/ipoint/bench/build/qsort-exam/qsort-exam.ipoint.c and /home/atsushi/evaluation_pWCET_analysis_using_inequalities_and_copulas/ipoint/bench/build/qsort-exam/schema_timing.json (10 instrumented units, ids 1..52)
=== qsort-exam: build
+ make -s BENCH=qsort-exam MODE=off SRC=/home/atsushi/evaluation_pWCET_analysis_using_inequalities_and_copulas/ipoint/bench/build/qsort-exam/qsort-exam.ipoint.c KERNEL_DEFS=
/home/atsushi/evaluation_pWCET_analysis_using_inequalities_and_copulas/ipoint/bench/build/qsort-exam/qsort-exam.ipoint.c: In function ‘sort’:
/home/atsushi/evaluation_pWCET_analysis_using_inequalities_and_copulas/ipoint/bench/build/qsort-exam/qsort-exam.ipoint.c:66:13: warning: variable ‘flag’ set but not used [-Wunused-but-set-variable]
   66 |         int flag;
      |             ^~~~
+ make -s BENCH=qsort-exam MODE=timing SRC=/home/atsushi/evaluation_pWCET_analysis_using_inequalities_and_copulas/ipoint/bench/build/qsort-exam/qsort-exam.ipoint.c KERNEL_DEFS=
/home/atsushi/evaluation_pWCET_analysis_using_inequalities_and_copulas/ipoint/bench/build/qsort-exam/qsort-exam.ipoint.c: In function ‘sort’:
/home/atsushi/evaluation_pWCET_analysis_using_inequalities_and_copulas/ipoint/bench/build/qsort-exam/qsort-exam.ipoint.c:66:13: warning: variable ‘flag’ set but not used [-Wunused-but-set-variable]
   66 |         int flag;
      |             ^~~~
+ make -s BENCH=qsort-exam MODE=coverage SRC=/home/atsushi/evaluation_pWCET_analysis_using_inequalities_and_copulas/ipoint/bench/build/qsort-exam/qsort-exam.ipoint_full.c KERNEL_DEFS=
/home/atsushi/evaluation_pWCET_analysis_using_inequalities_and_copulas/ipoint/bench/build/qsort-exam/qsort-exam.ipoint_full.c: In function ‘sort’:
/home/atsushi/evaluation_pWCET_analysis_using_inequalities_and_copulas/ipoint/bench/build/qsort-exam/qsort-exam.ipoint_full.c:66:13: warning: variable ‘flag’ set but not used [-Wunused-but-set-variable]
   66 |         int flag;
      |             ^~~~
=== qsort-exam: run
+ taskset -c 6 /home/atsushi/evaluation_pWCET_analysis_using_inequalities_and_copulas/ipoint/bench/build/qsort-exam/timing/bench_qsort-exam --out /home/atsushi/evaluation_pWCET_analysis_using_inequalities_and_copulas/results/e214/rand/qsort-exam/timing --runs 20000 --full-trace-runs 20000 --seed0 20260829 --core 6 --warmup 1000 --param 0.0 --entry-id 1 --exit-id 2 --max-id 52 --calib 1
qsort-exam [timing]: 20000 runs in 3.9 s; e2e ticks min/mean/max = 287482/304459.5/784232; migrations=0 overflow=0
+ taskset -c 6 /home/atsushi/evaluation_pWCET_analysis_using_inequalities_and_copulas/ipoint/bench/build/qsort-exam/off/bench_qsort-exam --out /home/atsushi/evaluation_pWCET_analysis_using_inequalities_and_copulas/results/e214/rand/qsort-exam/off --runs 10000 --full-trace-runs 0 --seed0 20260829 --core 6 --warmup 1000 --param 0.0 --entry-id 1 --exit-id 2 --max-id 52 --calib 1
qsort-exam [off]: 10000 runs in 0.8 s; e2e ticks min/mean/max = 139940/150505.7/161908; migrations=0 overflow=0
+ taskset -c 6 /home/atsushi/evaluation_pWCET_analysis_using_inequalities_and_copulas/ipoint/bench/build/qsort-exam/coverage/bench_qsort-exam --out /home/atsushi/evaluation_pWCET_analysis_using_inequalities_and_copulas/results/e214/rand/qsort-exam/coverage --runs 20000 --full-trace-runs 0 --seed0 20260829 --core 6 --warmup 1000 --param 0.0 --entry-id 1 --exit-id 2 --max-id 52 --calib 1
qsort-exam [coverage]: 20000 runs in 2.2 s; e2e ticks min/mean/max = 201776/211776.5/244392; migrations=0 overflow=0
=== qsort-exam: parse
+ /usr/bin/python3 /home/atsushi/evaluation_pWCET_analysis_using_inequalities_and_copulas/ipoint/tools/ipoint_parse.py --schema /home/atsushi/evaluation_pWCET_analysis_using_inequalities_and_copulas/ipoint/bench/build/qsort-exam/schema_timing.json --trace-dir /home/atsushi/evaluation_pWCET_analysis_using_inequalities_and_copulas/results/e214/rand/qsort-exam/timing --out /home/atsushi/evaluation_pWCET_analysis_using_inequalities_and_copulas/results/e214/rand/qsort-exam/parsed --min-unit-ns 100.0
parsed 10000/20000 runs
parsed 20000/20000 runs
parsed 20000 runs, 10 units; implicit closes: 0, unmatched exits: 0, suggested exclusions: []
+ /usr/bin/python3 /home/atsushi/evaluation_pWCET_analysis_using_inequalities_and_copulas/ipoint/tools/ipoint_check.py --schema /home/atsushi/evaluation_pWCET_analysis_using_inequalities_and_copulas/ipoint/bench/build/qsort-exam/schema_timing.json --trace-dir /home/atsushi/evaluation_pWCET_analysis_using_inequalities_and_copulas/results/e214/rand/qsort-exam/timing --parsed /home/atsushi/evaluation_pWCET_analysis_using_inequalities_and_copulas/results/e214/rand/qsort-exam/parsed
qsort-exam: 0 failures over 20000 runs, 15 units
+ /usr/bin/python3 /home/atsushi/evaluation_pWCET_analysis_using_inequalities_and_copulas/ipoint/tools/ipoint_overhead.py --off /home/atsushi/evaluation_pWCET_analysis_using_inequalities_and_copulas/results/e214/rand/qsort-exam/off --timing /home/atsushi/evaluation_pWCET_analysis_using_inequalities_and_copulas/results/e214/rand/qsort-exam/timing --coverage /home/atsushi/evaluation_pWCET_analysis_using_inequalities_and_copulas/results/e214/rand/qsort-exam/coverage --out /home/atsushi/evaluation_pWCET_analysis_using_inequalities_and_copulas/results/e214/rand/qsort-exam/overhead.json
+ /usr/bin/python3 /home/atsushi/evaluation_pWCET_analysis_using_inequalities_and_copulas/ipoint/tools/ipoint_coverage.py --schema /home/atsushi/evaluation_pWCET_analysis_using_inequalities_and_copulas/ipoint/bench/build/qsort-exam/schema_full.json --dir /home/atsushi/evaluation_pWCET_analysis_using_inequalities_and_copulas/results/e214/rand/qsort-exam/coverage --train 10000 --out /home/atsushi/evaluation_pWCET_analysis_using_inequalities_and_copulas/results/e214/rand/qsort-exam/coverage.json
