probe_select.c: In function ‘adversary’:
probe_select.c:36:9: warning: this ‘if’ clause does not guard... [-Wmisleading-indentation]
   36 |         if (j < i) flag2 = 1; if (!flag2) SW(ids[i], ids[j]); }
      |         ^~
probe_select.c:36:31: note: ...this statement, but the latter is misleadingly indented as if it were guarded by the ‘if’
   36 |         if (j < i) flag2 = 1; if (!flag2) SW(ids[i], ids[j]); }
      |                               ^~
probe_select.c:38:7: warning: this ‘if’ clause does not guard... [-Wmisleading-indentation]
   38 |       if (j >= k) ir = j - 1; if (j <= k) l = i;
      |       ^~
probe_select.c:38:31: note: ...this statement, but the latter is misleadingly indented as if it were guarded by the ‘if’
   38 |       if (j >= k) ir = j - 1; if (j <= k) l = i;
      |                               ^~
probe_select.c: In function ‘count’:
probe_select.c:57:9: warning: this ‘if’ clause does not guard... [-Wmisleading-indentation]
   57 |         if (j < i) flag2 = 1; if (!flag2) SWF(c[i], c[j]); }
      |         ^~
probe_select.c:57:31: note: ...this statement, but the latter is misleadingly indented as if it were guarded by the ‘if’
   57 |         if (j < i) flag2 = 1; if (!flag2) SWF(c[i], c[j]); }
      |                               ^~
probe_select.c:59:7: warning: this ‘if’ clause does not guard... [-Wmisleading-indentation]
   59 |       if (j >= k) ir = j - 1; if (j <= k) l = i;
      |       ^~
probe_select.c:59:31: note: ...this statement, but the latter is misleadingly indented as if it were guarded by the ‘if’
   59 |       if (j >= k) ir = j - 1; if (j <= k) l = i;
      |                               ^~
paused 0 processes
random     median    32056 p99    39900 max   521592 ticks | iters 10.9 cmps 2735 | avg/iter mean 2991 max 43466 ticks
killer     median   198882 p99   203666 max   220802 ticks | iters 252.0 cmps 188752 | avg/iter mean 789 max 876 ticks
subnormal  median    31986 p99    40056 max    45054 ticks | iters 10.9 cmps 2735 | avg/iter mean 2983 max 7589 ticks
killer-sub median   198638 p99   203350 max   207282 ticks | iters 252.0 cmps 188752 | avg/iter mean 789 max 823 ticks
measurement done
resumed 0 processes
